============================================================
  Generated by:           Encounter(R) RTL Compiler v12.10-s012_1
  Generated on:           Apr 26 2026  07:46:50 pm
  Module:                 eigen_top
  Technology library:     tsl18fs120_scl_ss 1
  Operating conditions:   _nominal_ (balanced_tree)
  Wireload mode:          enclosed
  Area mode:              timing library
============================================================

           Instance            Cells  Cell Area  Net Area  Total Area  Wireload     
------------------------------------------------------------------------------------
eigen_top                       7020     258979         0      258979    <none> (D) 
  mac_inst                      5574     195585         0      195585    <none> (D) 
    csa_tree_add_36_25_I16      5330     184537         0      184537    <none> (D) 
    csa_tree_add_52_54_groupi     74       3954         0        3954    <none> (D) 
    final_adder_add_36_25_I16     30       1709         0        1709    <none> (D) 
  subtract_inst                  634      23254         0       23254    <none> (D) 
  eucd_inst                      550      17573         0       17573    <none> (D) 
    square_mul_31_80_I1          331       9677         0        9677    <none> (D) 
    sub_31_62_I1                  48       1195         0        1195    <none> (D) 
    lt_67_26                      62       1066         0        1066    <none> (D) 

 (D) = wireload is default in technology library
