###############################################################
#  Generated by:      Cadence Encounter 13.10-p003_1
#  OS:                Linux i686(Host ID cadence)
#  Generated on:      Sun Apr 26 20:28:02 2026
#  Design:            eigen_top
#  Command:           verifyConnectivity -type all -report /mnt/hgfs/VMshare...
###############################################################
Verify Connectivity Report is created on Sun Apr 26 20:28:02 2026



Net VDD: special open at (20.160, 613.020) (678.720, 614.500)
Net VDD: special open at (20.160, 624.220) (678.720, 625.700)
Net VDD: special open at (20.160, 635.420) (678.720, 636.900)
Net VDD: special open at (20.160, 646.620) (678.720, 648.100)
Net VDD: special open at (20.160, 657.820) (678.720, 659.300)
Net VDD: special open at (20.160, 669.020) (678.720, 670.500)
Net VDD: special open at (20.160, 590.620) (678.720, 592.100)
Net VDD: special open at (20.160, 601.820) (678.720, 603.300)
Net VDD: special open at (20.160, 523.420) (678.720, 524.900)
Net VDD: special open at (20.160, 534.620) (678.720, 536.100)
Net VDD: special open at (20.160, 545.820) (678.720, 547.300)
Net VDD: special open at (20.160, 557.020) (678.720, 558.500)
Net VDD: special open at (20.160, 568.220) (678.720, 569.700)
Net VDD: special open at (20.160, 579.420) (678.720, 580.900)
Net VDD: special open at (20.160, 445.020) (678.720, 446.500)
Net VDD: special open at (20.160, 456.220) (678.720, 457.700)
Net VDD: special open at (20.160, 467.420) (678.720, 468.900)
Net VDD: special open at (20.160, 478.620) (678.720, 480.100)
Net VDD: special open at (20.160, 489.820) (678.720, 491.300)
Net VDD: special open at (20.160, 501.020) (678.720, 502.500)
Net VDD: special open at (20.160, 512.220) (678.720, 513.700)
Net VDD: special open at (20.160, 433.820) (678.720, 435.300)
Net VDD: special open at (20.160, 422.620) (678.720, 424.100)
Net VDD: special open at (20.160, 355.420) (678.720, 356.900)
Net VDD: special open at (20.160, 366.620) (678.720, 368.100)
Net VDD: special open at (20.160, 377.820) (678.720, 379.300)
Net VDD: special open at (20.160, 389.020) (678.720, 390.500)
Net VDD: special open at (20.160, 400.220) (678.720, 401.700)
Net VDD: special open at (20.160, 411.420) (678.720, 412.900)
Net VDD: special open at (20.160, 344.220) (678.720, 345.700)
Net VDD: special open at (20.160, 265.820) (678.720, 267.300)
Net VDD: special open at (20.160, 277.020) (678.720, 278.500)
Net VDD: special open at (20.160, 288.220) (678.720, 289.700)
Net VDD: special open at (20.160, 299.420) (678.720, 300.900)
Net VDD: special open at (20.160, 310.620) (678.720, 312.100)
Net VDD: special open at (20.160, 321.820) (678.720, 323.300)
Net VDD: special open at (20.160, 333.020) (678.720, 334.500)
Net VDD: special open at (20.160, 254.620) (678.720, 256.100)
Net VDD: special open at (20.160, 176.220) (678.720, 177.700)
Net VDD: special open at (20.160, 187.420) (678.720, 188.900)
Net VDD: special open at (20.160, 198.620) (678.720, 200.100)
Net VDD: special open at (20.160, 209.820) (678.720, 211.300)
Net VDD: special open at (20.160, 221.020) (678.720, 222.500)
Net VDD: special open at (20.160, 232.220) (678.720, 233.700)
Net VDD: special open at (20.160, 243.420) (678.720, 244.900)
Net VDD: special open at (20.160, 97.820) (678.720, 99.300)
Net VDD: special open at (20.160, 109.020) (678.720, 110.500)
Net VDD: special open at (20.160, 120.220) (678.720, 121.700)
Net VDD: special open at (20.160, 131.420) (678.720, 132.900)
Net VDD: special open at (20.160, 142.620) (678.720, 144.100)
Net VDD: special open at (20.160, 153.820) (678.720, 155.300)
Net VDD: special open at (20.160, 165.020) (678.720, 166.500)
Net VDD: special open at (20.160, 86.620) (678.720, 88.100)
Net VDD: special open at (20.160, 20.160) (678.720, 20.900)
Net VDD: special open at (20.160, 30.620) (678.720, 32.100)
Net VDD: special open at (20.160, 41.820) (678.720, 43.300)
Net VDD: special open at (20.160, 53.020) (678.720, 54.500)
Net VDD: special open at (20.160, 64.220) (678.720, 65.700)
Net VDD: special open at (20.160, 75.420) (678.720, 76.900)
Net VDD: dangling Wire at (20.160, 613.760) (20.160, 613.760) on layer: M1
Net VDD: dangling Wire at (678.720, 613.760) (678.720, 613.760) on layer: M1
Net VDD: dangling Wire at (20.160, 624.960) (20.160, 624.960) on layer: M1
Net VDD: dangling Wire at (678.720, 624.960) (678.720, 624.960) on layer: M1
Net VDD: dangling Wire at (20.160, 636.160) (20.160, 636.160) on layer: M1
Net VDD: dangling Wire at (678.720, 636.160) (678.720, 636.160) on layer: M1
Net VDD: dangling Wire at (20.160, 647.360) (20.160, 647.360) on layer: M1
Net VDD: dangling Wire at (678.720, 647.360) (678.720, 647.360) on layer: M1
Net VDD: dangling Wire at (20.160, 658.560) (20.160, 658.560) on layer: M1
Net VDD: dangling Wire at (678.720, 658.560) (678.720, 658.560) on layer: M1
Net VDD: dangling Wire at (20.160, 669.760) (20.160, 669.760) on layer: M1
Net VDD: dangling Wire at (678.720, 669.760) (678.720, 669.760) on layer: M1
Net VDD: dangling Wire at (20.160, 591.360) (20.160, 591.360) on layer: M1
Net VDD: dangling Wire at (678.720, 591.360) (678.720, 591.360) on layer: M1
Net VDD: dangling Wire at (20.160, 602.560) (20.160, 602.560) on layer: M1
Net VDD: dangling Wire at (678.720, 602.560) (678.720, 602.560) on layer: M1
Net VDD: dangling Wire at (20.160, 524.160) (20.160, 524.160) on layer: M1
Net VDD: dangling Wire at (678.720, 524.160) (678.720, 524.160) on layer: M1
Net VDD: dangling Wire at (20.160, 535.360) (20.160, 535.360) on layer: M1
Net VDD: dangling Wire at (678.720, 535.360) (678.720, 535.360) on layer: M1
Net VDD: dangling Wire at (20.160, 546.560) (20.160, 546.560) on layer: M1
Net VDD: dangling Wire at (678.720, 546.560) (678.720, 546.560) on layer: M1
Net VDD: dangling Wire at (20.160, 557.760) (20.160, 557.760) on layer: M1
Net VDD: dangling Wire at (678.720, 557.760) (678.720, 557.760) on layer: M1
Net VDD: dangling Wire at (20.160, 568.960) (20.160, 568.960) on layer: M1
Net VDD: dangling Wire at (678.720, 568.960) (678.720, 568.960) on layer: M1
Net VDD: dangling Wire at (20.160, 580.160) (20.160, 580.160) on layer: M1
Net VDD: dangling Wire at (678.720, 580.160) (678.720, 580.160) on layer: M1
Net VDD: dangling Wire at (20.160, 445.760) (20.160, 445.760) on layer: M1
Net VDD: dangling Wire at (678.720, 445.760) (678.720, 445.760) on layer: M1
Net VDD: dangling Wire at (20.160, 456.960) (20.160, 456.960) on layer: M1
Net VDD: dangling Wire at (678.720, 456.960) (678.720, 456.960) on layer: M1
Net VDD: dangling Wire at (20.160, 468.160) (20.160, 468.160) on layer: M1
Net VDD: dangling Wire at (678.720, 468.160) (678.720, 468.160) on layer: M1
Net VDD: dangling Wire at (20.160, 479.360) (20.160, 479.360) on layer: M1
Net VDD: dangling Wire at (678.720, 479.360) (678.720, 479.360) on layer: M1
Net VDD: dangling Wire at (20.160, 490.560) (20.160, 490.560) on layer: M1
Net VDD: dangling Wire at (678.720, 490.560) (678.720, 490.560) on layer: M1
Net VDD: dangling Wire at (20.160, 501.760) (20.160, 501.760) on layer: M1
Net VDD: dangling Wire at (678.720, 501.760) (678.720, 501.760) on layer: M1
Net VDD: dangling Wire at (20.160, 512.960) (20.160, 512.960) on layer: M1
Net VDD: dangling Wire at (678.720, 512.960) (678.720, 512.960) on layer: M1
Net VDD: dangling Wire at (20.160, 434.560) (20.160, 434.560) on layer: M1
Net VDD: dangling Wire at (678.720, 434.560) (678.720, 434.560) on layer: M1
Net VDD: dangling Wire at (20.160, 423.360) (20.160, 423.360) on layer: M1
Net VDD: dangling Wire at (678.720, 423.360) (678.720, 423.360) on layer: M1
Net VDD: dangling Wire at (20.160, 356.160) (20.160, 356.160) on layer: M1
Net VDD: dangling Wire at (678.720, 356.160) (678.720, 356.160) on layer: M1
Net VDD: dangling Wire at (20.160, 367.360) (20.160, 367.360) on layer: M1
Net VDD: dangling Wire at (678.720, 367.360) (678.720, 367.360) on layer: M1
Net VDD: dangling Wire at (20.160, 378.560) (20.160, 378.560) on layer: M1
Net VDD: dangling Wire at (678.720, 378.560) (678.720, 378.560) on layer: M1
Net VDD: dangling Wire at (20.160, 389.760) (20.160, 389.760) on layer: M1
Net VDD: dangling Wire at (678.720, 389.760) (678.720, 389.760) on layer: M1
Net VDD: dangling Wire at (20.160, 400.960) (20.160, 400.960) on layer: M1
Net VDD: dangling Wire at (678.720, 400.960) (678.720, 400.960) on layer: M1
Net VDD: dangling Wire at (20.160, 412.160) (20.160, 412.160) on layer: M1
Net VDD: dangling Wire at (678.720, 412.160) (678.720, 412.160) on layer: M1
Net VDD: dangling Wire at (20.160, 344.960) (20.160, 344.960) on layer: M1
Net VDD: dangling Wire at (678.720, 344.960) (678.720, 344.960) on layer: M1
Net VDD: dangling Wire at (20.160, 266.560) (20.160, 266.560) on layer: M1
Net VDD: dangling Wire at (678.720, 266.560) (678.720, 266.560) on layer: M1
Net VDD: dangling Wire at (20.160, 277.760) (20.160, 277.760) on layer: M1
Net VDD: dangling Wire at (678.720, 277.760) (678.720, 277.760) on layer: M1
Net VDD: dangling Wire at (20.160, 288.960) (20.160, 288.960) on layer: M1
Net VDD: dangling Wire at (678.720, 288.960) (678.720, 288.960) on layer: M1
Net VDD: dangling Wire at (20.160, 300.160) (20.160, 300.160) on layer: M1
Net VDD: dangling Wire at (678.720, 300.160) (678.720, 300.160) on layer: M1
Net VDD: dangling Wire at (20.160, 311.360) (20.160, 311.360) on layer: M1
Net VDD: dangling Wire at (678.720, 311.360) (678.720, 311.360) on layer: M1
Net VDD: dangling Wire at (20.160, 322.560) (20.160, 322.560) on layer: M1
Net VDD: dangling Wire at (678.720, 322.560) (678.720, 322.560) on layer: M1
Net VDD: dangling Wire at (20.160, 333.760) (20.160, 333.760) on layer: M1
Net VDD: dangling Wire at (678.720, 333.760) (678.720, 333.760) on layer: M1
Net VDD: dangling Wire at (20.160, 255.360) (20.160, 255.360) on layer: M1
Net VDD: dangling Wire at (678.720, 255.360) (678.720, 255.360) on layer: M1
Net VDD: dangling Wire at (20.160, 176.960) (20.160, 176.960) on layer: M1
Net VDD: dangling Wire at (678.720, 176.960) (678.720, 176.960) on layer: M1
Net VDD: dangling Wire at (20.160, 188.160) (20.160, 188.160) on layer: M1
Net VDD: dangling Wire at (678.720, 188.160) (678.720, 188.160) on layer: M1
Net VDD: dangling Wire at (20.160, 199.360) (20.160, 199.360) on layer: M1
Net VDD: dangling Wire at (678.720, 199.360) (678.720, 199.360) on layer: M1
Net VDD: dangling Wire at (20.160, 210.560) (20.160, 210.560) on layer: M1
Net VDD: dangling Wire at (678.720, 210.560) (678.720, 210.560) on layer: M1
Net VDD: dangling Wire at (20.160, 221.760) (20.160, 221.760) on layer: M1
Net VDD: dangling Wire at (678.720, 221.760) (678.720, 221.760) on layer: M1
Net VDD: dangling Wire at (20.160, 232.960) (20.160, 232.960) on layer: M1
Net VDD: dangling Wire at (678.720, 232.960) (678.720, 232.960) on layer: M1
Net VDD: dangling Wire at (20.160, 244.160) (20.160, 244.160) on layer: M1
Net VDD: dangling Wire at (678.720, 244.160) (678.720, 244.160) on layer: M1
Net VDD: dangling Wire at (20.160, 98.560) (20.160, 98.560) on layer: M1
Net VDD: dangling Wire at (678.720, 98.560) (678.720, 98.560) on layer: M1
Net VDD: dangling Wire at (20.160, 109.760) (20.160, 109.760) on layer: M1
Net VDD: dangling Wire at (678.720, 109.760) (678.720, 109.760) on layer: M1
Net VDD: dangling Wire at (20.160, 120.960) (20.160, 120.960) on layer: M1
Net VDD: dangling Wire at (678.720, 120.960) (678.720, 120.960) on layer: M1
Net VDD: dangling Wire at (20.160, 132.160) (20.160, 132.160) on layer: M1
Net VDD: dangling Wire at (678.720, 132.160) (678.720, 132.160) on layer: M1
Net VDD: dangling Wire at (20.160, 143.360) (20.160, 143.360) on layer: M1
Net VDD: dangling Wire at (678.720, 143.360) (678.720, 143.360) on layer: M1
Net VDD: dangling Wire at (20.160, 154.560) (20.160, 154.560) on layer: M1
Net VDD: dangling Wire at (678.720, 154.560) (678.720, 154.560) on layer: M1
Net VDD: dangling Wire at (20.160, 165.760) (20.160, 165.760) on layer: M1
Net VDD: dangling Wire at (678.720, 165.760) (678.720, 165.760) on layer: M1
Net VDD: dangling Wire at (20.160, 87.360) (20.160, 87.360) on layer: M1
Net VDD: dangling Wire at (678.720, 87.360) (678.720, 87.360) on layer: M1
Net VDD: dangling Wire at (20.160, 20.530) (20.160, 20.530) on layer: M1
Net VDD: dangling Wire at (678.720, 20.530) (678.720, 20.530) on layer: M1
Net VDD: dangling Wire at (20.160, 31.360) (20.160, 31.360) on layer: M1
Net VDD: dangling Wire at (678.720, 31.360) (678.720, 31.360) on layer: M1
Net VDD: dangling Wire at (20.160, 42.560) (20.160, 42.560) on layer: M1
Net VDD: dangling Wire at (678.720, 42.560) (678.720, 42.560) on layer: M1
Net VDD: dangling Wire at (20.160, 53.760) (20.160, 53.760) on layer: M1
Net VDD: dangling Wire at (678.720, 53.760) (678.720, 53.760) on layer: M1
Net VDD: dangling Wire at (20.160, 64.960) (20.160, 64.960) on layer: M1
Net VDD: dangling Wire at (678.720, 64.960) (678.720, 64.960) on layer: M1
Net VDD: dangling Wire at (20.160, 76.160) (20.160, 76.160) on layer: M1
Net VDD: dangling Wire at (678.720, 76.160) (678.720, 76.160) on layer: M1
Net VSS: special open at (20.160, 674.620) (678.720, 675.360)
Net VSS: special open at (20.160, 663.420) (678.720, 664.900)
Net VSS: special open at (20.160, 652.220) (678.720, 653.700)
Net VSS: special open at (20.160, 641.020) (678.720, 642.500)
Net VSS: special open at (20.160, 629.820) (678.720, 631.300)
Net VSS: special open at (20.160, 618.620) (678.720, 620.100)
Net VSS: special open at (20.160, 607.420) (678.720, 608.900)
Net VSS: special open at (20.160, 596.220) (678.720, 597.700)
Net VSS: special open at (20.160, 585.020) (678.720, 586.500)
Net VSS: special open at (20.160, 573.820) (678.720, 575.300)
Net VSS: special open at (20.160, 562.620) (678.720, 564.100)
Net VSS: special open at (20.160, 551.420) (678.720, 552.900)
Net VSS: special open at (20.160, 540.220) (678.720, 541.700)
Net VSS: special open at (20.160, 529.020) (678.720, 530.500)
Net VSS: special open at (20.160, 506.620) (678.720, 508.100)
Net VSS: special open at (20.160, 495.420) (678.720, 496.900)
Net VSS: special open at (20.160, 484.220) (678.720, 485.700)
Net VSS: special open at (20.160, 473.020) (678.720, 474.500)
Net VSS: special open at (20.160, 461.820) (678.720, 463.300)
Net VSS: special open at (20.160, 450.620) (678.720, 452.100)
Net VSS: special open at (20.160, 439.420) (678.720, 440.900)
Net VSS: special open at (20.160, 517.820) (678.720, 519.300)
Net VSS: special open at (20.160, 428.220) (678.720, 429.700)
Net VSS: special open at (20.160, 417.020) (678.720, 418.500)
Net VSS: special open at (20.160, 405.820) (678.720, 407.300)
Net VSS: special open at (20.160, 394.620) (678.720, 396.100)
Net VSS: special open at (20.160, 383.420) (678.720, 384.900)
Net VSS: special open at (20.160, 372.220) (678.720, 373.700)
Net VSS: special open at (20.160, 361.020) (678.720, 362.500)
Net VSS: special open at (20.160, 349.820) (678.720, 351.300)
Net VSS: special open at (20.160, 338.620) (678.720, 340.100)
Net VSS: special open at (20.160, 327.420) (678.720, 328.900)
Net VSS: special open at (20.160, 316.220) (678.720, 317.700)
Net VSS: special open at (20.160, 305.020) (678.720, 306.500)
Net VSS: special open at (20.160, 293.820) (678.720, 295.300)
Net VSS: special open at (20.160, 282.620) (678.720, 284.100)
Net VSS: special open at (20.160, 271.420) (678.720, 272.900)
Net VSS: special open at (20.160, 260.220) (678.720, 261.700)
Net VSS: special open at (20.160, 249.020) (678.720, 250.500)
Net VSS: special open at (20.160, 237.820) (678.720, 239.300)
Net VSS: special open at (20.160, 226.620) (678.720, 228.100)
Net VSS: special open at (20.160, 215.420) (678.720, 216.900)
Net VSS: special open at (20.160, 204.220) (678.720, 205.700)
Net VSS: special open at (20.160, 193.020) (678.720, 194.500)
Net VSS: special open at (20.160, 181.820) (678.720, 183.300)
Net VSS: special open at (20.160, 170.620) (678.720, 172.100)
Net VSS: special open at (20.160, 159.420) (678.720, 160.900)
Net VSS: special open at (20.160, 148.220) (678.720, 149.700)
Net VSS: special open at (20.160, 137.020) (678.720, 138.500)
Net VSS: special open at (20.160, 125.820) (678.720, 127.300)
Net VSS: special open at (20.160, 114.620) (678.720, 116.100)
Net VSS: special open at (20.160, 103.420) (678.720, 104.900)
Net VSS: special open at (20.160, 92.220) (678.720, 93.700)
Net VSS: special open at (20.160, 81.020) (678.720, 82.500)
Net VSS: special open at (20.160, 69.820) (678.720, 71.300)
Net VSS: special open at (20.160, 58.620) (678.720, 60.100)
Net VSS: special open at (20.160, 47.420) (678.720, 48.900)
Net VSS: special open at (20.160, 36.220) (678.720, 37.700)
Net VSS: special open at (20.160, 25.020) (678.720, 26.500)
Net VSS: dangling Wire at (20.160, 674.990) (20.160, 674.990) on layer: M1
Net VSS: dangling Wire at (678.720, 674.990) (678.720, 674.990) on layer: M1
Net VSS: dangling Wire at (20.160, 664.160) (20.160, 664.160) on layer: M1
Net VSS: dangling Wire at (678.720, 664.160) (678.720, 664.160) on layer: M1
Net VSS: dangling Wire at (20.160, 652.960) (20.160, 652.960) on layer: M1
Net VSS: dangling Wire at (678.720, 652.960) (678.720, 652.960) on layer: M1
Net VSS: dangling Wire at (20.160, 641.760) (20.160, 641.760) on layer: M1
Net VSS: dangling Wire at (678.720, 641.760) (678.720, 641.760) on layer: M1
Net VSS: dangling Wire at (20.160, 630.560) (20.160, 630.560) on layer: M1
Net VSS: dangling Wire at (678.720, 630.560) (678.720, 630.560) on layer: M1
Net VSS: dangling Wire at (20.160, 619.360) (20.160, 619.360) on layer: M1
Net VSS: dangling Wire at (678.720, 619.360) (678.720, 619.360) on layer: M1
Net VSS: dangling Wire at (20.160, 608.160) (20.160, 608.160) on layer: M1
Net VSS: dangling Wire at (678.720, 608.160) (678.720, 608.160) on layer: M1
Net VSS: dangling Wire at (20.160, 596.960) (20.160, 596.960) on layer: M1
Net VSS: dangling Wire at (678.720, 596.960) (678.720, 596.960) on layer: M1
Net VSS: dangling Wire at (20.160, 585.760) (20.160, 585.760) on layer: M1
Net VSS: dangling Wire at (678.720, 585.760) (678.720, 585.760) on layer: M1
Net VSS: dangling Wire at (20.160, 574.560) (20.160, 574.560) on layer: M1
Net VSS: dangling Wire at (678.720, 574.560) (678.720, 574.560) on layer: M1
Net VSS: dangling Wire at (20.160, 563.360) (20.160, 563.360) on layer: M1
Net VSS: dangling Wire at (678.720, 563.360) (678.720, 563.360) on layer: M1
Net VSS: dangling Wire at (20.160, 552.160) (20.160, 552.160) on layer: M1
Net VSS: dangling Wire at (678.720, 552.160) (678.720, 552.160) on layer: M1
Net VSS: dangling Wire at (20.160, 540.960) (20.160, 540.960) on layer: M1
Net VSS: dangling Wire at (678.720, 540.960) (678.720, 540.960) on layer: M1
Net VSS: dangling Wire at (20.160, 529.760) (20.160, 529.760) on layer: M1
Net VSS: dangling Wire at (678.720, 529.760) (678.720, 529.760) on layer: M1
Net VSS: dangling Wire at (20.160, 507.360) (20.160, 507.360) on layer: M1
Net VSS: dangling Wire at (678.720, 507.360) (678.720, 507.360) on layer: M1
Net VSS: dangling Wire at (20.160, 496.160) (20.160, 496.160) on layer: M1
Net VSS: dangling Wire at (678.720, 496.160) (678.720, 496.160) on layer: M1
Net VSS: dangling Wire at (20.160, 484.960) (20.160, 484.960) on layer: M1
Net VSS: dangling Wire at (678.720, 484.960) (678.720, 484.960) on layer: M1
Net VSS: dangling Wire at (20.160, 473.760) (20.160, 473.760) on layer: M1
Net VSS: dangling Wire at (678.720, 473.760) (678.720, 473.760) on layer: M1
Net VSS: dangling Wire at (20.160, 462.560) (20.160, 462.560) on layer: M1
Net VSS: dangling Wire at (678.720, 462.560) (678.720, 462.560) on layer: M1
Net VSS: dangling Wire at (20.160, 451.360) (20.160, 451.360) on layer: M1
Net VSS: dangling Wire at (678.720, 451.360) (678.720, 451.360) on layer: M1
Net VSS: dangling Wire at (20.160, 440.160) (20.160, 440.160) on layer: M1
Net VSS: dangling Wire at (678.720, 440.160) (678.720, 440.160) on layer: M1
Net VSS: dangling Wire at (20.160, 518.560) (20.160, 518.560) on layer: M1
Net VSS: dangling Wire at (678.720, 518.560) (678.720, 518.560) on layer: M1
Net VSS: dangling Wire at (20.160, 428.960) (20.160, 428.960) on layer: M1
Net VSS: dangling Wire at (678.720, 428.960) (678.720, 428.960) on layer: M1
Net VSS: dangling Wire at (20.160, 417.760) (20.160, 417.760) on layer: M1
Net VSS: dangling Wire at (678.720, 417.760) (678.720, 417.760) on layer: M1
Net VSS: dangling Wire at (20.160, 406.560) (20.160, 406.560) on layer: M1
Net VSS: dangling Wire at (678.720, 406.560) (678.720, 406.560) on layer: M1
Net VSS: dangling Wire at (20.160, 395.360) (20.160, 395.360) on layer: M1
Net VSS: dangling Wire at (678.720, 395.360) (678.720, 395.360) on layer: M1
Net VSS: dangling Wire at (20.160, 384.160) (20.160, 384.160) on layer: M1
Net VSS: dangling Wire at (678.720, 384.160) (678.720, 384.160) on layer: M1
Net VSS: dangling Wire at (20.160, 372.960) (20.160, 372.960) on layer: M1
Net VSS: dangling Wire at (678.720, 372.960) (678.720, 372.960) on layer: M1
Net VSS: dangling Wire at (20.160, 361.760) (20.160, 361.760) on layer: M1
Net VSS: dangling Wire at (678.720, 361.760) (678.720, 361.760) on layer: M1
Net VSS: dangling Wire at (20.160, 350.560) (20.160, 350.560) on layer: M1
Net VSS: dangling Wire at (678.720, 350.560) (678.720, 350.560) on layer: M1
Net VSS: dangling Wire at (20.160, 339.360) (20.160, 339.360) on layer: M1
Net VSS: dangling Wire at (678.720, 339.360) (678.720, 339.360) on layer: M1
Net VSS: dangling Wire at (20.160, 328.160) (20.160, 328.160) on layer: M1
Net VSS: dangling Wire at (678.720, 328.160) (678.720, 328.160) on layer: M1
Net VSS: dangling Wire at (20.160, 316.960) (20.160, 316.960) on layer: M1
Net VSS: dangling Wire at (678.720, 316.960) (678.720, 316.960) on layer: M1
Net VSS: dangling Wire at (20.160, 305.760) (20.160, 305.760) on layer: M1
Net VSS: dangling Wire at (678.720, 305.760) (678.720, 305.760) on layer: M1
Net VSS: dangling Wire at (20.160, 294.560) (20.160, 294.560) on layer: M1
Net VSS: dangling Wire at (678.720, 294.560) (678.720, 294.560) on layer: M1
Net VSS: dangling Wire at (20.160, 283.360) (20.160, 283.360) on layer: M1
Net VSS: dangling Wire at (678.720, 283.360) (678.720, 283.360) on layer: M1
Net VSS: dangling Wire at (20.160, 272.160) (20.160, 272.160) on layer: M1
Net VSS: dangling Wire at (678.720, 272.160) (678.720, 272.160) on layer: M1
Net VSS: dangling Wire at (20.160, 260.960) (20.160, 260.960) on layer: M1
Net VSS: dangling Wire at (678.720, 260.960) (678.720, 260.960) on layer: M1
Net VSS: dangling Wire at (20.160, 249.760) (20.160, 249.760) on layer: M1
Net VSS: dangling Wire at (678.720, 249.760) (678.720, 249.760) on layer: M1
Net VSS: dangling Wire at (20.160, 238.560) (20.160, 238.560) on layer: M1
Net VSS: dangling Wire at (678.720, 238.560) (678.720, 238.560) on layer: M1
Net VSS: dangling Wire at (20.160, 227.360) (20.160, 227.360) on layer: M1
Net VSS: dangling Wire at (678.720, 227.360) (678.720, 227.360) on layer: M1
Net VSS: dangling Wire at (20.160, 216.160) (20.160, 216.160) on layer: M1
Net VSS: dangling Wire at (678.720, 216.160) (678.720, 216.160) on layer: M1
Net VSS: dangling Wire at (20.160, 204.960) (20.160, 204.960) on layer: M1
Net VSS: dangling Wire at (678.720, 204.960) (678.720, 204.960) on layer: M1
Net VSS: dangling Wire at (20.160, 193.760) (20.160, 193.760) on layer: M1
Net VSS: dangling Wire at (678.720, 193.760) (678.720, 193.760) on layer: M1
Net VSS: dangling Wire at (20.160, 182.560) (20.160, 182.560) on layer: M1
Net VSS: dangling Wire at (678.720, 182.560) (678.720, 182.560) on layer: M1
Net VSS: dangling Wire at (20.160, 171.360) (20.160, 171.360) on layer: M1
Net VSS: dangling Wire at (678.720, 171.360) (678.720, 171.360) on layer: M1
Net VSS: dangling Wire at (20.160, 160.160) (20.160, 160.160) on layer: M1
Net VSS: dangling Wire at (678.720, 160.160) (678.720, 160.160) on layer: M1
Net VSS: dangling Wire at (20.160, 148.960) (20.160, 148.960) on layer: M1
Net VSS: dangling Wire at (678.720, 148.960) (678.720, 148.960) on layer: M1
Net VSS: dangling Wire at (20.160, 137.760) (20.160, 137.760) on layer: M1
Net VSS: dangling Wire at (678.720, 137.760) (678.720, 137.760) on layer: M1
Net VSS: dangling Wire at (20.160, 126.560) (20.160, 126.560) on layer: M1
Net VSS: dangling Wire at (678.720, 126.560) (678.720, 126.560) on layer: M1
Net VSS: dangling Wire at (20.160, 115.360) (20.160, 115.360) on layer: M1
Net VSS: dangling Wire at (678.720, 115.360) (678.720, 115.360) on layer: M1
Net VSS: dangling Wire at (20.160, 104.160) (20.160, 104.160) on layer: M1
Net VSS: dangling Wire at (678.720, 104.160) (678.720, 104.160) on layer: M1
Net VSS: dangling Wire at (20.160, 92.960) (20.160, 92.960) on layer: M1
Net VSS: dangling Wire at (678.720, 92.960) (678.720, 92.960) on layer: M1
Net VSS: dangling Wire at (20.160, 81.760) (20.160, 81.760) on layer: M1
Net VSS: dangling Wire at (678.720, 81.760) (678.720, 81.760) on layer: M1
Net VSS: dangling Wire at (20.160, 70.560) (20.160, 70.560) on layer: M1
Net VSS: dangling Wire at (678.720, 70.560) (678.720, 70.560) on layer: M1
Net VSS: dangling Wire at (20.160, 59.360) (20.160, 59.360) on layer: M1
Net VSS: dangling Wire at (678.720, 59.360) (678.720, 59.360) on layer: M1
Net VSS: dangling Wire at (20.160, 48.160) (20.160, 48.160) on layer: M1
Net VSS: dangling Wire at (678.720, 48.160) (678.720, 48.160) on layer: M1
Net VSS: dangling Wire at (20.160, 36.960) (20.160, 36.960) on layer: M1
Net VSS: dangling Wire at (678.720, 36.960) (678.720, 36.960) on layer: M1
Net VSS: dangling Wire at (20.160, 25.760) (20.160, 25.760) on layer: M1
Net VSS: dangling Wire at (678.720, 25.760) (678.720, 25.760) on layer: M1

Begin Summary
    118 Problem(s) (ENCVFC-200): Special Wires: Pieces of the net are not connected together.
    236 Problem(s) (ENCVFC-94): The net has dangling wire(s).
    354 total info(s) created.
End Summary
