============================================================
  Generated by:           Encounter(R) RTL Compiler v12.10-s012_1
  Generated on:           Apr 26 2026  07:46:50 pm
  Module:                 eigen_top
  Technology library:     tsl18fs120_scl_ss 1
  Operating conditions:   _nominal_ (balanced_tree)
  Wireload mode:          enclosed
  Area mode:              timing library
============================================================

	Timing
	------

  Slack            Endpoint           Cost Group 
------------------------------------------------------
+71429ps eucd_inst/min_dist_reg[20]/D clk        


	Area
	----

 Instance  Cells  Cell Area  Net Area  Total Area  Wireload     
----------------------------------------------------------------
eigen_top   7020     258979         0      258979    <none> (D) 

 (D) = wireload is default in technology library

	Design Rule Check
	-----------------

Max_transition design rule: no violations.

Max_capacitance design rule: no violations.

Max_fanout design rule: no violations.


