###############################################################
#  Generated by:      Cadence Encounter 13.10-p003_1
#  OS:                Linux i686(Host ID cadence)
#  Generated on:      Sun Apr 26 20:44:48 2026
#  Design:            eigen_top
#  Command:           verifyConnectivity -type all -report ../reports/final_...
###############################################################
Verify Connectivity Report is created on Sun Apr 26 20:44:48 2026



Net VDD: special open at (20.160, 624.220) (687.120, 625.700)
Net VDD: special open at (20.160, 635.420) (687.120, 636.900)
Net VDD: special open at (20.160, 646.620) (687.120, 648.100)
Net VDD: special open at (20.160, 657.820) (687.120, 659.300)
Net VDD: special open at (20.160, 669.020) (687.120, 670.500)
Net VDD: special open at (20.160, 680.220) (687.120, 681.700)
Net VDD: special open at (20.160, 601.820) (687.120, 603.300)
Net VDD: special open at (20.160, 613.020) (687.120, 614.500)
Net VDD: special open at (20.160, 579.420) (687.120, 580.900)
Net VDD: special open at (20.160, 590.620) (687.120, 592.100)
Net VDD: special open at (20.160, 534.620) (687.120, 536.100)
Net VDD: special open at (20.160, 545.820) (687.120, 547.300)
Net VDD: special open at (20.160, 557.020) (687.120, 558.500)
Net VDD: special open at (20.160, 568.220) (687.120, 569.700)
Net VDD: special open at (20.160, 489.820) (687.120, 491.300)
Net VDD: special open at (20.160, 501.020) (687.120, 502.500)
Net VDD: special open at (20.160, 512.220) (687.120, 513.700)
Net VDD: special open at (20.160, 523.420) (687.120, 524.900)
Net VDD: special open at (20.160, 445.020) (687.120, 446.500)
Net VDD: special open at (20.160, 456.220) (687.120, 457.700)
Net VDD: special open at (20.160, 467.420) (687.120, 468.900)
Net VDD: special open at (20.160, 478.620) (687.120, 480.100)
Net VDD: special open at (20.160, 433.820) (687.120, 435.300)
Net VDD: special open at (20.160, 400.220) (687.120, 401.700)
Net VDD: special open at (20.160, 411.420) (687.120, 412.900)
Net VDD: special open at (20.160, 422.620) (687.120, 424.100)
Net VDD: special open at (20.160, 355.420) (687.120, 356.900)
Net VDD: special open at (20.160, 366.620) (687.120, 368.100)
Net VDD: special open at (20.160, 377.820) (687.120, 379.300)
Net VDD: special open at (20.160, 389.020) (687.120, 390.500)
Net VDD: special open at (20.160, 310.620) (687.120, 312.100)
Net VDD: special open at (20.160, 321.820) (687.120, 323.300)
Net VDD: special open at (20.160, 333.020) (687.120, 334.500)
Net VDD: special open at (20.160, 344.220) (687.120, 345.700)
Net VDD: special open at (20.160, 265.820) (687.120, 267.300)
Net VDD: special open at (20.160, 277.020) (687.120, 278.500)
Net VDD: special open at (20.160, 288.220) (687.120, 289.700)
Net VDD: special open at (20.160, 299.420) (687.120, 300.900)
Net VDD: special open at (20.160, 221.020) (687.120, 222.500)
Net VDD: special open at (20.160, 232.220) (687.120, 233.700)
Net VDD: special open at (20.160, 243.420) (687.120, 244.900)
Net VDD: special open at (20.160, 254.620) (687.120, 256.100)
Net VDD: special open at (20.160, 187.420) (687.120, 188.900)
Net VDD: special open at (20.160, 198.620) (687.120, 200.100)
Net VDD: special open at (20.160, 209.820) (687.120, 211.300)
Net VDD: special open at (20.160, 176.220) (687.120, 177.700)
Net VDD: special open at (20.160, 97.820) (687.120, 99.300)
Net VDD: special open at (20.160, 109.020) (687.120, 110.500)
Net VDD: special open at (20.160, 120.220) (687.120, 121.700)
Net VDD: special open at (20.160, 131.420) (687.120, 132.900)
Net VDD: special open at (20.160, 142.620) (687.120, 144.100)
Net VDD: special open at (20.160, 153.820) (687.120, 155.300)
Net VDD: special open at (20.160, 165.020) (687.120, 166.500)
Net VDD: special open at (20.160, 86.620) (687.120, 88.100)
Net VDD: special open at (20.160, 53.020) (687.120, 54.500)
Net VDD: special open at (20.160, 64.220) (687.120, 65.700)
Net VDD: special open at (20.160, 75.420) (687.120, 76.900)
Net VDD: special open at (20.160, 20.160) (687.120, 20.900)
Net VDD: special open at (20.160, 30.620) (687.120, 32.100)
Net VDD: special open at (20.160, 41.820) (687.120, 43.300)
Net VDD: dangling Wire at (20.160, 624.960) (20.160, 624.960) on layer: M1
Net VDD: dangling Wire at (687.120, 624.960) (687.120, 624.960) on layer: M1
Net VDD: dangling Wire at (20.160, 636.160) (20.160, 636.160) on layer: M1
Net VDD: dangling Wire at (687.120, 636.160) (687.120, 636.160) on layer: M1
Net VDD: dangling Wire at (20.160, 647.360) (20.160, 647.360) on layer: M1
Net VDD: dangling Wire at (687.120, 647.360) (687.120, 647.360) on layer: M1
Net VDD: dangling Wire at (20.160, 658.560) (20.160, 658.560) on layer: M1
Net VDD: dangling Wire at (687.120, 658.560) (687.120, 658.560) on layer: M1
Net VDD: dangling Wire at (20.160, 669.760) (20.160, 669.760) on layer: M1
Net VDD: dangling Wire at (687.120, 669.760) (687.120, 669.760) on layer: M1
Net VDD: dangling Wire at (20.160, 680.960) (20.160, 680.960) on layer: M1
Net VDD: dangling Wire at (687.120, 680.960) (687.120, 680.960) on layer: M1
Net VDD: dangling Wire at (20.160, 602.560) (20.160, 602.560) on layer: M1
Net VDD: dangling Wire at (687.120, 602.560) (687.120, 602.560) on layer: M1
Net VDD: dangling Wire at (20.160, 613.760) (20.160, 613.760) on layer: M1
Net VDD: dangling Wire at (687.120, 613.760) (687.120, 613.760) on layer: M1
Net VDD: dangling Wire at (20.160, 580.160) (20.160, 580.160) on layer: M1
Net VDD: dangling Wire at (687.120, 580.160) (687.120, 580.160) on layer: M1
Net VDD: dangling Wire at (20.160, 591.360) (20.160, 591.360) on layer: M1
Net VDD: dangling Wire at (687.120, 591.360) (687.120, 591.360) on layer: M1
Net VDD: dangling Wire at (20.160, 535.360) (20.160, 535.360) on layer: M1
Net VDD: dangling Wire at (687.120, 535.360) (687.120, 535.360) on layer: M1
Net VDD: dangling Wire at (20.160, 546.560) (20.160, 546.560) on layer: M1
Net VDD: dangling Wire at (687.120, 546.560) (687.120, 546.560) on layer: M1
Net VDD: dangling Wire at (20.160, 557.760) (20.160, 557.760) on layer: M1
Net VDD: dangling Wire at (687.120, 557.760) (687.120, 557.760) on layer: M1
Net VDD: dangling Wire at (20.160, 568.960) (20.160, 568.960) on layer: M1
Net VDD: dangling Wire at (687.120, 568.960) (687.120, 568.960) on layer: M1
Net VDD: dangling Wire at (20.160, 490.560) (20.160, 490.560) on layer: M1
Net VDD: dangling Wire at (687.120, 490.560) (687.120, 490.560) on layer: M1
Net VDD: dangling Wire at (20.160, 501.760) (20.160, 501.760) on layer: M1
Net VDD: dangling Wire at (687.120, 501.760) (687.120, 501.760) on layer: M1
Net VDD: dangling Wire at (20.160, 512.960) (20.160, 512.960) on layer: M1
Net VDD: dangling Wire at (687.120, 512.960) (687.120, 512.960) on layer: M1
Net VDD: dangling Wire at (20.160, 524.160) (20.160, 524.160) on layer: M1
Net VDD: dangling Wire at (687.120, 524.160) (687.120, 524.160) on layer: M1
Net VDD: dangling Wire at (20.160, 445.760) (20.160, 445.760) on layer: M1
Net VDD: dangling Wire at (687.120, 445.760) (687.120, 445.760) on layer: M1
Net VDD: dangling Wire at (20.160, 456.960) (20.160, 456.960) on layer: M1
Net VDD: dangling Wire at (687.120, 456.960) (687.120, 456.960) on layer: M1
Net VDD: dangling Wire at (20.160, 468.160) (20.160, 468.160) on layer: M1
Net VDD: dangling Wire at (687.120, 468.160) (687.120, 468.160) on layer: M1
Net VDD: dangling Wire at (20.160, 479.360) (20.160, 479.360) on layer: M1
Net VDD: dangling Wire at (687.120, 479.360) (687.120, 479.360) on layer: M1
Net VDD: dangling Wire at (20.160, 434.560) (20.160, 434.560) on layer: M1
Net VDD: dangling Wire at (687.120, 434.560) (687.120, 434.560) on layer: M1
Net VDD: dangling Wire at (20.160, 400.960) (20.160, 400.960) on layer: M1
Net VDD: dangling Wire at (687.120, 400.960) (687.120, 400.960) on layer: M1
Net VDD: dangling Wire at (20.160, 412.160) (20.160, 412.160) on layer: M1
Net VDD: dangling Wire at (687.120, 412.160) (687.120, 412.160) on layer: M1
Net VDD: dangling Wire at (20.160, 423.360) (20.160, 423.360) on layer: M1
Net VDD: dangling Wire at (687.120, 423.360) (687.120, 423.360) on layer: M1
Net VDD: dangling Wire at (20.160, 356.160) (20.160, 356.160) on layer: M1
Net VDD: dangling Wire at (687.120, 356.160) (687.120, 356.160) on layer: M1
Net VDD: dangling Wire at (20.160, 367.360) (20.160, 367.360) on layer: M1
Net VDD: dangling Wire at (687.120, 367.360) (687.120, 367.360) on layer: M1
Net VDD: dangling Wire at (20.160, 378.560) (20.160, 378.560) on layer: M1
Net VDD: dangling Wire at (687.120, 378.560) (687.120, 378.560) on layer: M1
Net VDD: dangling Wire at (20.160, 389.760) (20.160, 389.760) on layer: M1
Net VDD: dangling Wire at (687.120, 389.760) (687.120, 389.760) on layer: M1
Net VDD: dangling Wire at (20.160, 311.360) (20.160, 311.360) on layer: M1
Net VDD: dangling Wire at (687.120, 311.360) (687.120, 311.360) on layer: M1
Net VDD: dangling Wire at (20.160, 322.560) (20.160, 322.560) on layer: M1
Net VDD: dangling Wire at (687.120, 322.560) (687.120, 322.560) on layer: M1
Net VDD: dangling Wire at (20.160, 333.760) (20.160, 333.760) on layer: M1
Net VDD: dangling Wire at (687.120, 333.760) (687.120, 333.760) on layer: M1
Net VDD: dangling Wire at (20.160, 344.960) (20.160, 344.960) on layer: M1
Net VDD: dangling Wire at (687.120, 344.960) (687.120, 344.960) on layer: M1
Net VDD: dangling Wire at (20.160, 266.560) (20.160, 266.560) on layer: M1
Net VDD: dangling Wire at (687.120, 266.560) (687.120, 266.560) on layer: M1
Net VDD: dangling Wire at (20.160, 277.760) (20.160, 277.760) on layer: M1
Net VDD: dangling Wire at (687.120, 277.760) (687.120, 277.760) on layer: M1
Net VDD: dangling Wire at (20.160, 288.960) (20.160, 288.960) on layer: M1
Net VDD: dangling Wire at (687.120, 288.960) (687.120, 288.960) on layer: M1
Net VDD: dangling Wire at (20.160, 300.160) (20.160, 300.160) on layer: M1
Net VDD: dangling Wire at (687.120, 300.160) (687.120, 300.160) on layer: M1
Net VDD: dangling Wire at (20.160, 221.760) (20.160, 221.760) on layer: M1
Net VDD: dangling Wire at (687.120, 221.760) (687.120, 221.760) on layer: M1
Net VDD: dangling Wire at (20.160, 232.960) (20.160, 232.960) on layer: M1
Net VDD: dangling Wire at (687.120, 232.960) (687.120, 232.960) on layer: M1
Net VDD: dangling Wire at (20.160, 244.160) (20.160, 244.160) on layer: M1
Net VDD: dangling Wire at (687.120, 244.160) (687.120, 244.160) on layer: M1
Net VDD: dangling Wire at (20.160, 255.360) (20.160, 255.360) on layer: M1
Net VDD: dangling Wire at (687.120, 255.360) (687.120, 255.360) on layer: M1
Net VDD: dangling Wire at (20.160, 188.160) (20.160, 188.160) on layer: M1
Net VDD: dangling Wire at (687.120, 188.160) (687.120, 188.160) on layer: M1
Net VDD: dangling Wire at (20.160, 199.360) (20.160, 199.360) on layer: M1
Net VDD: dangling Wire at (687.120, 199.360) (687.120, 199.360) on layer: M1
Net VDD: dangling Wire at (20.160, 210.560) (20.160, 210.560) on layer: M1
Net VDD: dangling Wire at (687.120, 210.560) (687.120, 210.560) on layer: M1
Net VDD: dangling Wire at (20.160, 176.960) (20.160, 176.960) on layer: M1
Net VDD: dangling Wire at (687.120, 176.960) (687.120, 176.960) on layer: M1
Net VDD: dangling Wire at (20.160, 98.560) (20.160, 98.560) on layer: M1
Net VDD: dangling Wire at (687.120, 98.560) (687.120, 98.560) on layer: M1
Net VDD: dangling Wire at (20.160, 109.760) (20.160, 109.760) on layer: M1
Net VDD: dangling Wire at (687.120, 109.760) (687.120, 109.760) on layer: M1
Net VDD: dangling Wire at (20.160, 120.960) (20.160, 120.960) on layer: M1
Net VDD: dangling Wire at (687.120, 120.960) (687.120, 120.960) on layer: M1
Net VDD: dangling Wire at (20.160, 132.160) (20.160, 132.160) on layer: M1
Net VDD: dangling Wire at (687.120, 132.160) (687.120, 132.160) on layer: M1
Net VDD: dangling Wire at (20.160, 143.360) (20.160, 143.360) on layer: M1
Net VDD: dangling Wire at (687.120, 143.360) (687.120, 143.360) on layer: M1
Net VDD: dangling Wire at (20.160, 154.560) (20.160, 154.560) on layer: M1
Net VDD: dangling Wire at (687.120, 154.560) (687.120, 154.560) on layer: M1
Net VDD: dangling Wire at (20.160, 165.760) (20.160, 165.760) on layer: M1
Net VDD: dangling Wire at (687.120, 165.760) (687.120, 165.760) on layer: M1
Net VDD: dangling Wire at (20.160, 87.360) (20.160, 87.360) on layer: M1
Net VDD: dangling Wire at (687.120, 87.360) (687.120, 87.360) on layer: M1
Net VDD: dangling Wire at (20.160, 53.760) (20.160, 53.760) on layer: M1
Net VDD: dangling Wire at (687.120, 53.760) (687.120, 53.760) on layer: M1
Net VDD: dangling Wire at (20.160, 64.960) (20.160, 64.960) on layer: M1
Net VDD: dangling Wire at (687.120, 64.960) (687.120, 64.960) on layer: M1
Net VDD: dangling Wire at (20.160, 76.160) (20.160, 76.160) on layer: M1
Net VDD: dangling Wire at (687.120, 76.160) (687.120, 76.160) on layer: M1
Net VDD: dangling Wire at (20.160, 20.530) (20.160, 20.530) on layer: M1
Net VDD: dangling Wire at (687.120, 20.530) (687.120, 20.530) on layer: M1
Net VDD: dangling Wire at (20.160, 31.360) (20.160, 31.360) on layer: M1
Net VDD: dangling Wire at (687.120, 31.360) (687.120, 31.360) on layer: M1
Net VDD: dangling Wire at (20.160, 42.560) (20.160, 42.560) on layer: M1
Net VDD: dangling Wire at (687.120, 42.560) (687.120, 42.560) on layer: M1
Net VSS: special open at (20.160, 685.820) (687.120, 686.560)
Net VSS: special open at (20.160, 674.620) (687.120, 676.100)
Net VSS: special open at (20.160, 663.420) (687.120, 664.900)
Net VSS: special open at (20.160, 652.220) (687.120, 653.700)
Net VSS: special open at (20.160, 641.020) (687.120, 642.500)
Net VSS: special open at (20.160, 629.820) (687.120, 631.300)
Net VSS: special open at (20.160, 618.620) (687.120, 620.100)
Net VSS: special open at (20.160, 607.420) (687.120, 608.900)
Net VSS: special open at (20.160, 596.220) (687.120, 597.700)
Net VSS: special open at (20.160, 585.020) (687.120, 586.500)
Net VSS: special open at (20.160, 573.820) (687.120, 575.300)
Net VSS: special open at (20.160, 562.620) (687.120, 564.100)
Net VSS: special open at (20.160, 551.420) (687.120, 552.900)
Net VSS: special open at (20.160, 540.220) (687.120, 541.700)
Net VSS: special open at (20.160, 529.020) (687.120, 530.500)
Net VSS: special open at (20.160, 517.820) (687.120, 519.300)
Net VSS: special open at (20.160, 506.620) (687.120, 508.100)
Net VSS: special open at (20.160, 495.420) (687.120, 496.900)
Net VSS: special open at (20.160, 484.220) (687.120, 485.700)
Net VSS: special open at (20.160, 473.020) (687.120, 474.500)
Net VSS: special open at (20.160, 461.820) (687.120, 463.300)
Net VSS: special open at (20.160, 450.620) (687.120, 452.100)
Net VSS: special open at (20.160, 439.420) (687.120, 440.900)
Net VSS: special open at (20.160, 428.220) (687.120, 429.700)
Net VSS: special open at (20.160, 417.020) (687.120, 418.500)
Net VSS: special open at (20.160, 405.820) (687.120, 407.300)
Net VSS: special open at (20.160, 394.620) (687.120, 396.100)
Net VSS: special open at (20.160, 383.420) (687.120, 384.900)
Net VSS: special open at (20.160, 372.220) (687.120, 373.700)
Net VSS: special open at (20.160, 361.020) (687.120, 362.500)
Net VSS: special open at (20.160, 349.820) (687.120, 351.300)
Net VSS: special open at (20.160, 338.620) (687.120, 340.100)
Net VSS: special open at (20.160, 327.420) (687.120, 328.900)
Net VSS: special open at (20.160, 316.220) (687.120, 317.700)
Net VSS: special open at (20.160, 305.020) (687.120, 306.500)
Net VSS: special open at (20.160, 293.820) (687.120, 295.300)
Net VSS: special open at (20.160, 282.620) (687.120, 284.100)
Net VSS: special open at (20.160, 271.420) (687.120, 272.900)
Net VSS: special open at (20.160, 260.220) (687.120, 261.700)
Net VSS: special open at (20.160, 249.020) (687.120, 250.500)
Net VSS: special open at (20.160, 237.820) (687.120, 239.300)
Net VSS: special open at (20.160, 226.620) (687.120, 228.100)
Net VSS: special open at (20.160, 181.820) (687.120, 183.300)
Net VSS: special open at (20.160, 215.420) (687.120, 216.900)
Net VSS: special open at (20.160, 204.220) (687.120, 205.700)
Net VSS: special open at (20.160, 193.020) (687.120, 194.500)
Net VSS: special open at (20.160, 170.620) (687.120, 172.100)
Net VSS: special open at (20.160, 159.420) (687.120, 160.900)
Net VSS: special open at (20.160, 148.220) (687.120, 149.700)
Net VSS: special open at (20.160, 137.020) (687.120, 138.500)
Net VSS: special open at (20.160, 125.820) (687.120, 127.300)
Net VSS: special open at (20.160, 114.620) (687.120, 116.100)
Net VSS: special open at (20.160, 103.420) (687.120, 104.900)
Net VSS: special open at (20.160, 92.220) (687.120, 93.700)
Net VSS: special open at (20.160, 81.020) (687.120, 82.500)
Net VSS: special open at (20.160, 69.820) (687.120, 71.300)
Net VSS: special open at (20.160, 58.620) (687.120, 60.100)
Net VSS: special open at (20.160, 47.420) (687.120, 48.900)
Net VSS: special open at (20.160, 36.220) (687.120, 37.700)
Net VSS: special open at (20.160, 25.020) (687.120, 26.500)
Net VSS: dangling Wire at (20.160, 686.190) (20.160, 686.190) on layer: M1
Net VSS: dangling Wire at (687.120, 686.190) (687.120, 686.190) on layer: M1
Net VSS: dangling Wire at (20.160, 675.360) (20.160, 675.360) on layer: M1
Net VSS: dangling Wire at (687.120, 675.360) (687.120, 675.360) on layer: M1
Net VSS: dangling Wire at (20.160, 664.160) (20.160, 664.160) on layer: M1
Net VSS: dangling Wire at (687.120, 664.160) (687.120, 664.160) on layer: M1
Net VSS: dangling Wire at (20.160, 652.960) (20.160, 652.960) on layer: M1
Net VSS: dangling Wire at (687.120, 652.960) (687.120, 652.960) on layer: M1
Net VSS: dangling Wire at (20.160, 641.760) (20.160, 641.760) on layer: M1
Net VSS: dangling Wire at (687.120, 641.760) (687.120, 641.760) on layer: M1
Net VSS: dangling Wire at (20.160, 630.560) (20.160, 630.560) on layer: M1
Net VSS: dangling Wire at (687.120, 630.560) (687.120, 630.560) on layer: M1
Net VSS: dangling Wire at (20.160, 619.360) (20.160, 619.360) on layer: M1
Net VSS: dangling Wire at (687.120, 619.360) (687.120, 619.360) on layer: M1
Net VSS: dangling Wire at (20.160, 608.160) (20.160, 608.160) on layer: M1
Net VSS: dangling Wire at (687.120, 608.160) (687.120, 608.160) on layer: M1
Net VSS: dangling Wire at (20.160, 596.960) (20.160, 596.960) on layer: M1
Net VSS: dangling Wire at (687.120, 596.960) (687.120, 596.960) on layer: M1
Net VSS: dangling Wire at (20.160, 585.760) (20.160, 585.760) on layer: M1
Net VSS: dangling Wire at (687.120, 585.760) (687.120, 585.760) on layer: M1
Net VSS: dangling Wire at (20.160, 574.560) (20.160, 574.560) on layer: M1
Net VSS: dangling Wire at (687.120, 574.560) (687.120, 574.560) on layer: M1
Net VSS: dangling Wire at (20.160, 563.360) (20.160, 563.360) on layer: M1
Net VSS: dangling Wire at (687.120, 563.360) (687.120, 563.360) on layer: M1
Net VSS: dangling Wire at (20.160, 552.160) (20.160, 552.160) on layer: M1
Net VSS: dangling Wire at (687.120, 552.160) (687.120, 552.160) on layer: M1
Net VSS: dangling Wire at (20.160, 540.960) (20.160, 540.960) on layer: M1
Net VSS: dangling Wire at (687.120, 540.960) (687.120, 540.960) on layer: M1
Net VSS: dangling Wire at (20.160, 529.760) (20.160, 529.760) on layer: M1
Net VSS: dangling Wire at (687.120, 529.760) (687.120, 529.760) on layer: M1
Net VSS: dangling Wire at (20.160, 518.560) (20.160, 518.560) on layer: M1
Net VSS: dangling Wire at (687.120, 518.560) (687.120, 518.560) on layer: M1
Net VSS: dangling Wire at (20.160, 507.360) (20.160, 507.360) on layer: M1
Net VSS: dangling Wire at (687.120, 507.360) (687.120, 507.360) on layer: M1
Net VSS: dangling Wire at (20.160, 496.160) (20.160, 496.160) on layer: M1
Net VSS: dangling Wire at (687.120, 496.160) (687.120, 496.160) on layer: M1
Net VSS: dangling Wire at (20.160, 484.960) (20.160, 484.960) on layer: M1
Net VSS: dangling Wire at (687.120, 484.960) (687.120, 484.960) on layer: M1
Net VSS: dangling Wire at (20.160, 473.760) (20.160, 473.760) on layer: M1
Net VSS: dangling Wire at (687.120, 473.760) (687.120, 473.760) on layer: M1
Net VSS: dangling Wire at (20.160, 462.560) (20.160, 462.560) on layer: M1
Net VSS: dangling Wire at (687.120, 462.560) (687.120, 462.560) on layer: M1
Net VSS: dangling Wire at (20.160, 451.360) (20.160, 451.360) on layer: M1
Net VSS: dangling Wire at (687.120, 451.360) (687.120, 451.360) on layer: M1
Net VSS: dangling Wire at (20.160, 440.160) (20.160, 440.160) on layer: M1
Net VSS: dangling Wire at (687.120, 440.160) (687.120, 440.160) on layer: M1
Net VSS: dangling Wire at (20.160, 428.960) (20.160, 428.960) on layer: M1
Net VSS: dangling Wire at (687.120, 428.960) (687.120, 428.960) on layer: M1
Net VSS: dangling Wire at (20.160, 417.760) (20.160, 417.760) on layer: M1
Net VSS: dangling Wire at (687.120, 417.760) (687.120, 417.760) on layer: M1
Net VSS: dangling Wire at (20.160, 406.560) (20.160, 406.560) on layer: M1
Net VSS: dangling Wire at (687.120, 406.560) (687.120, 406.560) on layer: M1
Net VSS: dangling Wire at (20.160, 395.360) (20.160, 395.360) on layer: M1
Net VSS: dangling Wire at (687.120, 395.360) (687.120, 395.360) on layer: M1
Net VSS: dangling Wire at (20.160, 384.160) (20.160, 384.160) on layer: M1
Net VSS: dangling Wire at (687.120, 384.160) (687.120, 384.160) on layer: M1
Net VSS: dangling Wire at (20.160, 372.960) (20.160, 372.960) on layer: M1
Net VSS: dangling Wire at (687.120, 372.960) (687.120, 372.960) on layer: M1
Net VSS: dangling Wire at (20.160, 361.760) (20.160, 361.760) on layer: M1
Net VSS: dangling Wire at (687.120, 361.760) (687.120, 361.760) on layer: M1
Net VSS: dangling Wire at (20.160, 350.560) (20.160, 350.560) on layer: M1
Net VSS: dangling Wire at (687.120, 350.560) (687.120, 350.560) on layer: M1
Net VSS: dangling Wire at (20.160, 339.360) (20.160, 339.360) on layer: M1
Net VSS: dangling Wire at (687.120, 339.360) (687.120, 339.360) on layer: M1
Net VSS: dangling Wire at (20.160, 328.160) (20.160, 328.160) on layer: M1
Net VSS: dangling Wire at (687.120, 328.160) (687.120, 328.160) on layer: M1
Net VSS: dangling Wire at (20.160, 316.960) (20.160, 316.960) on layer: M1
Net VSS: dangling Wire at (687.120, 316.960) (687.120, 316.960) on layer: M1
Net VSS: dangling Wire at (20.160, 305.760) (20.160, 305.760) on layer: M1
Net VSS: dangling Wire at (687.120, 305.760) (687.120, 305.760) on layer: M1
Net VSS: dangling Wire at (20.160, 294.560) (20.160, 294.560) on layer: M1
Net VSS: dangling Wire at (687.120, 294.560) (687.120, 294.560) on layer: M1
Net VSS: dangling Wire at (20.160, 283.360) (20.160, 283.360) on layer: M1
Net VSS: dangling Wire at (687.120, 283.360) (687.120, 283.360) on layer: M1
Net VSS: dangling Wire at (20.160, 272.160) (20.160, 272.160) on layer: M1
Net VSS: dangling Wire at (687.120, 272.160) (687.120, 272.160) on layer: M1
Net VSS: dangling Wire at (20.160, 260.960) (20.160, 260.960) on layer: M1
Net VSS: dangling Wire at (687.120, 260.960) (687.120, 260.960) on layer: M1
Net VSS: dangling Wire at (20.160, 249.760) (20.160, 249.760) on layer: M1
Net VSS: dangling Wire at (687.120, 249.760) (687.120, 249.760) on layer: M1
Net VSS: dangling Wire at (20.160, 238.560) (20.160, 238.560) on layer: M1
Net VSS: dangling Wire at (687.120, 238.560) (687.120, 238.560) on layer: M1
Net VSS: dangling Wire at (20.160, 227.360) (20.160, 227.360) on layer: M1
Net VSS: dangling Wire at (687.120, 227.360) (687.120, 227.360) on layer: M1
Net VSS: dangling Wire at (20.160, 182.560) (20.160, 182.560) on layer: M1
Net VSS: dangling Wire at (687.120, 182.560) (687.120, 182.560) on layer: M1
Net VSS: dangling Wire at (20.160, 216.160) (20.160, 216.160) on layer: M1
Net VSS: dangling Wire at (687.120, 216.160) (687.120, 216.160) on layer: M1
Net VSS: dangling Wire at (20.160, 204.960) (20.160, 204.960) on layer: M1
Net VSS: dangling Wire at (687.120, 204.960) (687.120, 204.960) on layer: M1
Net VSS: dangling Wire at (20.160, 193.760) (20.160, 193.760) on layer: M1
Net VSS: dangling Wire at (687.120, 193.760) (687.120, 193.760) on layer: M1
Net VSS: dangling Wire at (20.160, 171.360) (20.160, 171.360) on layer: M1
Net VSS: dangling Wire at (687.120, 171.360) (687.120, 171.360) on layer: M1
Net VSS: dangling Wire at (20.160, 160.160) (20.160, 160.160) on layer: M1
Net VSS: dangling Wire at (687.120, 160.160) (687.120, 160.160) on layer: M1
Net VSS: dangling Wire at (20.160, 148.960) (20.160, 148.960) on layer: M1
Net VSS: dangling Wire at (687.120, 148.960) (687.120, 148.960) on layer: M1
Net VSS: dangling Wire at (20.160, 137.760) (20.160, 137.760) on layer: M1
Net VSS: dangling Wire at (687.120, 137.760) (687.120, 137.760) on layer: M1
Net VSS: dangling Wire at (20.160, 126.560) (20.160, 126.560) on layer: M1
Net VSS: dangling Wire at (687.120, 126.560) (687.120, 126.560) on layer: M1
Net VSS: dangling Wire at (20.160, 115.360) (20.160, 115.360) on layer: M1
Net VSS: dangling Wire at (687.120, 115.360) (687.120, 115.360) on layer: M1
Net VSS: dangling Wire at (20.160, 104.160) (20.160, 104.160) on layer: M1
Net VSS: dangling Wire at (687.120, 104.160) (687.120, 104.160) on layer: M1
Net VSS: dangling Wire at (20.160, 92.960) (20.160, 92.960) on layer: M1
Net VSS: dangling Wire at (687.120, 92.960) (687.120, 92.960) on layer: M1
Net VSS: dangling Wire at (20.160, 81.760) (20.160, 81.760) on layer: M1
Net VSS: dangling Wire at (687.120, 81.760) (687.120, 81.760) on layer: M1
Net VSS: dangling Wire at (20.160, 70.560) (20.160, 70.560) on layer: M1
Net VSS: dangling Wire at (687.120, 70.560) (687.120, 70.560) on layer: M1
Net VSS: dangling Wire at (20.160, 59.360) (20.160, 59.360) on layer: M1
Net VSS: dangling Wire at (687.120, 59.360) (687.120, 59.360) on layer: M1
Net VSS: dangling Wire at (20.160, 48.160) (20.160, 48.160) on layer: M1
Net VSS: dangling Wire at (687.120, 48.160) (687.120, 48.160) on layer: M1
Net VSS: dangling Wire at (20.160, 36.960) (20.160, 36.960) on layer: M1
Net VSS: dangling Wire at (687.120, 36.960) (687.120, 36.960) on layer: M1
Net VSS: dangling Wire at (20.160, 25.760) (20.160, 25.760) on layer: M1
Net VSS: dangling Wire at (687.120, 25.760) (687.120, 25.760) on layer: M1

Begin Summary
    120 Problem(s) (ENCVFC-200): Special Wires: Pieces of the net are not connected together.
    240 Problem(s) (ENCVFC-94): The net has dangling wire(s).
    360 total info(s) created.
End Summary
