============================================================
  Generated by:           Encounter(R) RTL Compiler v12.10-s012_1
  Generated on:           Apr 26 2026  07:46:50 pm
  Module:                 eigen_top
  Technology library:     tsl18fs120_scl_ss 1
  Operating conditions:   _nominal_ (balanced_tree)
  Wireload mode:          enclosed
  Area mode:              timing library
============================================================

                                     Leakage     Dynamic       Total    
           Instance           Cells Power(nW)   Power(nW)    Power(nW)  
------------------------------------------------------------------------
eigen_top                      7020  3495.981 11630798.797 11634294.778 
  mac_inst                     5574  2727.926 10431459.438 10434187.364 
    csa_tree_add_36_25_I16     5330  2571.106  9380816.977  9383388.083 
    csa_tree_add_52_54_groupi    74    64.714   645909.421   645974.136 
    final_adder_add_36_25_I16    30    27.362   307455.716   307483.078 
  subtract_inst                 634   324.728   530571.356   530896.084 
  eucd_inst                     550   237.191   358456.545   358693.736 
    square_mul_31_80_I1         331   136.936   250156.547   250293.483 
    sub_31_62_I1                 48    19.622    14758.039    14777.662 
    lt_67_26                     62     8.921    14162.506    14171.427 

