============================================================
  Generated by:           Encounter(R) RTL Compiler v12.10-s012_1
  Generated on:           Apr 26 2026  07:46:50 pm
  Module:                 eigen_top
  Technology library:     tsl18fs120_scl_ss 1
  Operating conditions:   _nominal_ (balanced_tree)
  Wireload mode:          enclosed
  Area mode:              timing library
============================================================

Timing
--------

Clock  Period  
---------------
clk   100000.0 


  Cost    Critical       Violating 
 Group   Path Slack TNS    Paths   
-----------------------------------
default    No paths   0            
clk         71429.0   0          0 
-----------------------------------
Total                 0          0 

Instance Count
--------------
Leaf Instance Count            7020 
Sequential Instance Count       518 
Combinational Instance Count   6502 
Hierarchical Instance Count       9 
Total Area                         258978.790
Cell Area                          258978.790


Max Fanout                         518 (clk)
Min Fanout                         0 (eucd_inst/square_mul_31_80_I1/Z[1])
Average Fanout                     1.8
Terms to net ratio                 2.7
Terms to instance ratio            4.0
Runtime                            13 seconds
RC peak memory usage:              150.46 
EDI peak memory usage:             no_value 
Hostname                           cadence
