============================================================
  Generated by:           Encounter(R) RTL Compiler v12.10-s012_1
  Generated on:           Apr 28 2026  09:51:40 pm
  Module:                 eigen_top
  Technology library:     tsl18fs120_scl_ss 1
  Operating conditions:   _nominal_ (balanced_tree)
  Wireload mode:          enclosed
  Area mode:              timing library
============================================================

                                     Leakage     Dynamic       Total    
           Instance           Cells Power(nW)   Power(nW)    Power(nW)  
------------------------------------------------------------------------
eigen_top                     24806  4552.737 37947968.517 37952521.254 
  mac_inst                    22887  3722.218 31251137.359 31254859.577 
    csa_tree_add_36_25_I16    22275  3536.237 28141208.550 28144744.787 
    csa_tree_add_52_54_groupi   278    66.756  1379768.050  1379834.806 
    final_adder_add_36_25_I16   168    49.195   761457.624   761506.819 
  subtract_inst                 611   322.296  2517743.250  2518065.546 
  eucd_inst                    1050   292.395  2120357.521  2120649.916 
    square_mul_31_80_I1         657   189.096  1190086.401  1190275.497 
    sub_31_62_I1                141    26.865    94823.653    94850.518 
    lt_67_26                    106    15.919   198028.132   198044.051 

