============================================================
  Generated by:           Encounter(R) RTL Compiler v12.10-s012_1
  Generated on:           Apr 28 2026  09:51:40 pm
  Module:                 eigen_top
  Technology library:     tsl18fs120_scl_ss 1
  Operating conditions:   _nominal_ (balanced_tree)
  Wireload mode:          enclosed
  Area mode:              timing library
============================================================

           Instance            Cells  Cell Area  Net Area  Total Area  Wireload     
------------------------------------------------------------------------------------
eigen_top                      24806     427381         0      427381    <none> (D) 
  mac_inst                     22887     358869         0      358869    <none> (D) 
    csa_tree_add_36_25_I16     22275     344131         0      344131    <none> (D) 
    csa_tree_add_52_54_groupi    278       5748         0        5748    <none> (D) 
    final_adder_add_36_25_I16    168       3315         0        3315    <none> (D) 
  subtract_inst                  611      23169         0       23169    <none> (D) 
  eucd_inst                     1050      22751         0       22751    <none> (D) 
    square_mul_31_80_I1          657      13346         0       13346    <none> (D) 
    sub_31_62_I1                 141       2245         0        2245    <none> (D) 
    lt_67_26                     106       1474         0        1474    <none> (D) 

 (D) = wireload is default in technology library
