============================================================
  Generated by:           Encounter(R) RTL Compiler v12.10-s012_1
  Generated on:           Apr 28 2026  09:51:40 pm
  Module:                 eigen_top
  Technology library:     tsl18fs120_scl_ss 1
  Operating conditions:   _nominal_ (balanced_tree)
  Wireload mode:          enclosed
  Area mode:              timing library
============================================================

           Pin                 Type     Fanout Load Slew Delay Arrival   
                                               (fF) (ps)  (ps)   (ps)    
-------------------------------------------------------------------------
(clock clk)                   launch                                 0 R 
subtract_inst
  centred_pixels_reg[51]/CP                            0             0 R 
  centred_pixels_reg[51]/Q    dfcrq1        15 50.0  558  +663     663 R 
subtract_inst/centred_pixels[51] 
mac_inst/centred_pixels[51] 
  csa_tree_add_36_25_I16/in_20[1] 
    g171206/I                                               +0     663   
    g171206/ZN                inv0d1         1  3.7  124   +71     734 F 
    g171205/I                                               +0     734   
    g171205/ZN                inv0d1         3  9.9  162  +112     846 R 
    g170437/A1                                              +0     846   
    g170437/ZN                nd02d1         3 11.7  216  +127     973 F 
    g174574/A1                                              +0     973   
    g174574/ZN                nd12d1         1  3.3   84  +186    1159 F 
    g159250/A2                                              +0    1159   
    g159250/ZN                nd02d1         3 10.8  231  +138    1297 R 
    g154558/I                                               +0    1297   
    g154558/ZN                inv0d1         2  6.8   88   +72    1369 F 
    g152334/A1                                              +0    1369   
    g152334/ZN                nd02d1         1  3.5  140   +81    1449 R 
    g151740/A2                                              +0    1449   
    g151740/ZN                nd02d1         1  4.7  107   +87    1537 F 
    g176231/A1                                              +0    1537   
    g176231/Z                 xr02d1         4 13.5  210  +431    1968 R 
    g173034/A1                                              +0    1968   
    g173034/ZN                nd12d1         1  3.5  125  +164    2132 R 
    g144721/A2                                              +0    2132   
    g144721/ZN                nd02d1         2  7.0  133   +98    2230 F 
    g142544/A1                                              +0    2230   
    g142544/ZN                nr02d1         1  2.9  162  +133    2363 R 
    g142369/A1                                              +0    2363   
    g142369/ZN                nd12d1         2  7.3  156  +175    2538 R 
    g141566/I                                               +0    2538   
    g141566/ZN                inv0d1         3 11.1   89   +75    2613 F 
    g177130/C2                                              +0    2613   
    g177130/ZN                aon211d1       2  7.7  402  +274    2886 R 
    g138837/I                                               +0    2886   
    g138837/ZN                inv0d1         2  7.0  125   +88    2974 F 
    g138134/A1                                              +0    2974   
    g138134/ZN                nd02d1         2  7.3  181  +114    3088 R 
    g176922/A2                                              +0    3088   
    g176922/ZN                nd02d1         1  3.7  100   +86    3174 F 
    g137352/A2                                              +0    3174   
    g137352/ZN                nd12d1         1  3.6  120   +74    3248 R 
    g176921/A                                               +0    3248   
    g176921/ZN                oaim31d1       3 10.5  178  +110    3358 F 
    g136912/I                                               +0    3358   
    g136912/ZN                inv0d1         2  7.2  133  +110    3468 R 
    g136012/A1                                              +0    3468   
    g136012/ZN                nd02d1         1  3.1   97   +73    3541 F 
    g135399/A1                                              +0    3541   
    g135399/ZN                nd02d1         1  3.3  138   +81    3622 R 
    g135343/A1                                              +0    3622   
    g135343/ZN                nd02d1         4 12.7  200  +128    3750 F 
    g172308/A1                                              +0    3750   
    g172308/ZN                nd12d1         1  6.4  129  +198    3948 F 
    g134764/A1                                              +0    3948   
    g134764/ZN                nd02d2         2  7.1  118   +83    4031 R 
    g134644/I                                               +0    4031   
    g134644/ZN                inv0d1         1  3.7   49   +46    4077 F 
    g134494/A2                                              +0    4077   
    g134494/ZN                nd12d1         1  6.9  153   +81    4157 R 
    g134472/A1                                              +0    4157   
    g134472/ZN                nd02d2         3 11.6  110   +85    4243 F 
    g174689/S                                               +0    4243   
    g174689/Z                 mx02d2         2  7.3  102  +349    4591 R 
    g134084/B1                                              +0    4591   
    g134084/Z                 aoim22d1       1 12.6  373  +258    4849 R 
    g133834/CI                                              +0    4849   
    g133834/S                 ad01d1         2 14.2  215  +565    5414 F 
    g174639/CI                                              +0    5414   
    g174639/S                 su01d1         1 12.3  220  +576    5990 F 
    g133799/CI                                              +0    5990   
    g133799/S                 ad01d1         2 14.5  229  +607    6597 R 
  csa_tree_add_36_25_I16/out_1[13] 
  csa_tree_add_52_54_groupi/in_2[13] 
    g1308/CI                                                +0    6597   
    g1308/S                   ad01d1         2  7.0  168  +508    7105 F 
    g1969/A1                                                +0    7105   
    g1969/ZN                  nr02d1         2  5.8  211  +166    7270 R 
    g1789/A1                                                +0    7270   
    g1789/ZN                  nd12d1         1  3.3  111  +163    7434 R 
    g1787/A1                                                +0    7434   
    g1787/ZN                  nd02d1         3 10.1  171  +109    7542 F 
    g1786/A2                                                +0    7542   
    g1786/ZN                  nd12d1         1  3.3  111   +88    7630 R 
    g1784/A1                                                +0    7630   
    g1784/ZN                  nd02d1         3 10.1  171  +109    7739 F 
    g1783/A2                                                +0    7739   
    g1783/ZN                  nd12d1         1  6.9  151  +108    7847 R 
    g1781/A1                                                +0    7847   
    g1781/ZN                  nd02d2         5 17.0  144   +98    7945 F 
    g1760/C1                                                +0    7945   
    g1760/ZN                  aon211d1       1  3.9  312  +220    8165 R 
    g1755/A2                                                +0    8165   
    g1755/ZN                  nd12d1         1  3.7  119   +91    8256 F 
    g1736/A2                                                +0    8256   
    g1736/ZN                  nd12d1         1  3.9  118   +80    8336 R 
    g1728/A2                                                +0    8336   
    g1728/ZN                  nd12d1         1  3.1   82   +64    8400 F 
    g1711/A1                                                +0    8400   
    g1711/ZN                  nd02d1         1  3.3  125   +78    8478 R 
    g1703/A1                                                +0    8478   
    g1703/ZN                  nd02d1         1  3.1   94   +72    8550 F 
    g1693/A1                                                +0    8550   
    g1693/ZN                  nd02d1         1  3.3  124   +80    8630 R 
    g1689/A1                                                +0    8630   
    g1689/ZN                  nd02d1         4 14.2  218  +134    8764 F 
    g2/A3                                                   +0    8764   
    g2/ZN                     nd23d1         1  3.9  159  +130    8894 R 
    g1682/A2                                                +0    8894   
    g1682/ZN                  nd12d1         3 10.1  145  +103    8997 F 
    g1679/A2                                                +0    8997   
    g1679/ZN                  nd12d1         1  6.9  151  +102    9099 R 
    g1677/A1                                                +0    9099   
    g1677/ZN                  nd02d2         3 10.1  111   +81    9180 F 
    g1674/A2                                                +0    9180   
    g1674/ZN                  nd12d1         1  6.9  151   +94    9274 R 
    g1672/A1                                                +0    9274   
    g1672/ZN                  nd02d2         3  9.5  102   +79    9353 F 
    g1671/A1                                                +0    9353   
    g1671/ZN                  nd02d1         2  6.8  174  +105    9458 R 
    g2060/A1                                                +0    9458   
    g2060/ZN                  nd02d1         1  3.7  102   +84    9542 F 
    g1666/A2                                                +0    9542   
    g1666/ZN                  nd12d1         1  3.6  115   +75    9616 R 
    g2059/A                                                 +0    9616   
    g2059/ZN                  oaim31d1       1  3.7  106   +73    9689 F 
  csa_tree_add_52_54_groupi/out_0[37] 
  g2472/A2                                                  +0    9689   
  g2472/ZN                    nd12d1         1  3.9  140   +77    9766 R 
  g2431/A2                                                  +0    9766   
  g2431/ZN                    nd12d1         1  2.0   72   +61    9827 F 
  acc_reg_reg[0][37]/D        dfcrq1                        +0    9827   
  acc_reg_reg[0][37]/CP       setup                    0  +173   10000 R 
- - - - - - - - - - - - - - - - - - - - - - - - - - - - - - - - - - - - -
(clock clk)                   capture                            10000 R 
-------------------------------------------------------------------------
Timing slack :       0ps 
Start-point  : subtract_inst/centred_pixels_reg[51]/CP
End-point    : mac_inst/acc_reg_reg[0][37]/D
