============================================================
  Generated by:           Encounter(R) RTL Compiler v12.10-s012_1
  Generated on:           Apr 26 2026  07:46:50 pm
  Module:                 eigen_top
  Technology library:     tsl18fs120_scl_ss 1
  Operating conditions:   _nominal_ (balanced_tree)
  Wireload mode:          enclosed
  Area mode:              timing library
============================================================

          Pin                 Type       Fanout  Load Slew  Delay Arrival   
                                                 (fF) (ps)  (ps)    (ps)    
----------------------------------------------------------------------------
(clock clk)                 launch                                      0 R 
(input.sdc_line_11_545_1)   ext delay                      +10000   10000 R 
user_db_weights[17]         in port           1   4.2    0     +0   10000 R 
eucd_inst/user_db_weights[17] 
  g531/B2                                                      +0   10000   
  g531/Z                    aor22d1           1   1.4   83   +160   10160 R 
  sub_31_62_I1/A[1] 
    g492/I                                                     +0   10160   
    g492/ZN                 inv0d0            1  16.5  346   +180   10340 F 
    g481/A                                                     +0   10340   
    g481/CO                 ad01d1            1  12.3  209   +570   10910 F 
    g479/CI                                                    +0   10910   
    g479/CO                 ad01d1            1  12.3  209   +388   11298 F 
    g477/CI                                                    +0   11298   
    g477/CO                 ad01d1            1  12.3  209   +388   11686 F 
    g475/CI                                                    +0   11686   
    g475/CO                 ad01d1            1  12.3  209   +388   12074 F 
    g473/CI                                                    +0   12074   
    g473/CO                 ad01d1            1  12.3  209   +388   12462 F 
    g471/CI                                                    +0   12462   
    g471/CO                 ad01d1            1  12.3  209   +388   12850 F 
    g469/CI                                                    +0   12850   
    g469/CO                 ad01d1            2   6.3  170   +352   13202 F 
    g466/CI                                                    +0   13202   
    g466/CO                 cg01d1            1  12.3  186   +311   13513 F 
    g464/CI                                                    +0   13513   
    g464/CO                 ad01d1            1  12.3  209   +384   13896 F 
    g462/CI                                                    +0   13896   
    g462/CO                 ad01d1            1  12.3  209   +388   14284 F 
    g460/CI                                                    +0   14284   
    g460/S                  ad01d1            1   3.7  142   +438   14722 F 
    g459/I                                                     +0   14722   
    g459/ZN                 inv0d1           16  54.1  705   +358   15080 R 
  sub_31_62_I1/Z[11] 
  square_mul_31_80_I1/A[11] 
    g3589/A1                                                   +0   15080   
    g3589/ZN                nd02d1            1  16.5  335   +240   15320 F 
    g3476/B                                                    +0   15320   
    g3476/S                 ad01d1            1  12.6  209   +714   16034 R 
    g3457/CI                                                   +0   16034   
    g3457/S                 ad01d1            1  16.5  228   +553   16587 F 
    g3423/A                                                    +0   16587   
    g3423/CO                ad01d1            1  12.3  209   +548   17135 F 
    g3421/CI                                                   +0   17135   
    g3421/CO                ad01d1            1  12.3  209   +388   17523 F 
    g3419/CI                                                   +0   17523   
    g3419/CO                ad01d1            1  12.3  209   +388   17911 F 
    g3417/CI                                                   +0   17911   
    g3417/CO                ad01d1            1  12.3  209   +388   18299 F 
    g3415/CI                                                   +0   18299   
    g3415/CO                ad01d1            1  12.3  209   +388   18687 F 
    g3413/CI                                                   +0   18687   
    g3413/CO                ad01d1            1  12.3  209   +388   19075 F 
    g3411/CI                                                   +0   19075   
    g3411/CO                ad01d1            1  12.3  209   +388   19463 F 
    g3409/CI                                                   +0   19463   
    g3409/CO                ad01d1            1  12.3  209   +388   19850 F 
    g3407/CI                                                   +0   19850   
    g3407/CO                ad01d1            1  12.3  209   +388   20238 F 
    g3405/CI                                                   +0   20238   
    g3405/CO                ad01d1            1  12.3  209   +388   20626 F 
    g3403/CI                                                   +0   20626   
    g3403/CO                ad01d1            1  12.3  209   +388   21014 F 
    g3401/CI                                                   +0   21014   
    g3401/CO                ad01d1            1  12.3  209   +388   21402 F 
    g3399/CI                                                   +0   21402   
    g3399/CO                ad01d1            1  12.3  209   +388   21790 F 
    g3397/CI                                                   +0   21790   
    g3397/CO                ad01d1            1  12.3  209   +388   22178 F 
    g3395/CI                                                   +0   22178   
    g3395/CO                ad01d1            1  12.3  209   +388   22566 F 
    g3393/CI                                                   +0   22566   
    g3393/CO                ad01d1            1  12.3  209   +388   22954 F 
    g3391/CI                                                   +0   22954   
    g3391/CO                ad01d1            1  12.3  209   +388   23342 F 
    g3389/CI                                                   +0   23342   
    g3389/CO                ad01d1            1  12.3  209   +388   23730 F 
    g3387/CI                                                   +0   23730   
    g3387/S                 ad01d1            1   1.4   91   +526   24256 R 
    g3386/I                                                    +0   24256   
    g3386/ZN                inv0d0            2   9.5  209   +121   24377 F 
  square_mul_31_80_I1/Z[30] 
  lt_67_26/A[30] 
    g904/A                                                     +0   24377   
    g904/CO                 cg01d0            1   2.6  111   +290   24667 F 
    g903/CI                                                    +0   24667   
    g903/CO                 cg01d0            1   3.7  128   +227   24894 F 
    g902/A2                                                    +0   24894   
    g902/ZN                 nd12d1            1   6.9  151    +98   24992 R 
  lt_67_26/Z 
  g438/A1                                                      +0   24992   
  g438/ZN                   nd02d2           16  55.0  340   +193   25185 F 
  drc450/I                                                     +0   25185   
  drc450/ZN                 inv0d2           33 128.0  774   +434   25619 R 
  drc449/I                                                     +0   25619   
  drc449/ZN                 inv0d1           17  54.4  400   +310   25928 F 
  g412/C1                                                      +0   25928   
  g412/Z                    aor221d1          1   2.1   93   +382   26310 F 
  min_dist_reg[20]/D        dfprb1                             +0   26310   
  min_dist_reg[20]/CP       setup                        0   +261   26571 R 
- - - - - - - - - - - - - - - - - - - - - - - - - - - - - - - - - - - - - - 
(clock clk)                 capture                                100000 R 
                            uncertainty                     -2000   98000 R 
----------------------------------------------------------------------------
Cost Group   : 'clk' (path_group 'clk')
Timing slack :   71429ps 
Start-point  : user_db_weights[17]
End-point    : eucd_inst/min_dist_reg[20]/D
