###############################################################
#  Generated by:      Cadence Encounter 13.10-p003_1
#  OS:                Linux i686(Host ID cadence)
#  Generated on:      Sun Apr 26 20:15:34 2026
#  Design:            eigen_top
#  Command:           verifyMetalDensity -report eigen_top.density.rpt
###############################################################

Verify Density report created on Sun Apr 26 20:15:34 2026

###############################################################
# Layer       M1 - Window size      : 200.0um X 200.0um
# Layer       M1 - Window step      : 100.0um X 100.0um
# Layer       M1 - Min Density      : 20%
# Layer       M1 - Pref Density     : 35%
# Layer       M1 - Max Density      : 80%
# Layer       M1 - Ext Density      : 35%
# Layer       M2 - Window size      : 200.0um X 200.0um
# Layer       M2 - Window step      : 100.0um X 100.0um
# Layer       M2 - Min Density      : 20%
# Layer       M2 - Pref Density     : 35%
# Layer       M2 - Max Density      : 80%
# Layer       M2 - Ext Density      : 35%
# Layer       M3 - Window size      : 200.0um X 200.0um
# Layer       M3 - Window step      : 100.0um X 100.0um
# Layer       M3 - Min Density      : 20%
# Layer       M3 - Pref Density     : 35%
# Layer       M3 - Max Density      : 80%
# Layer       M3 - Ext Density      : 35%
# Layer       M4 - Window size      : 200.0um X 200.0um
# Layer       M4 - Window step      : 100.0um X 100.0um
# Layer       M4 - Min Density      : 20%
# Layer       M4 - Pref Density     : 35%
# Layer       M4 - Max Density      : 80%
# Layer       M4 - Ext Density      : 35%
###############################################################


    Layer    Density(%)          Window  
***************************************************

      M2       15.58    (0 0) (200 200)
      M2       15.41    (100 0) (300 200)
      M2       16.70    (200 0) (400 200)
      M2       13.63    (498.99 0) (698.99 200)
      M2       19.67    (498.99 100) (698.99 300)
      M2       17.81    (498.99 400) (698.99 600)
      M2       13.56    (0 495.36) (200 695.36)
      M2       15.26    (100 495.36) (300 695.36)
      M2       16.14    (200 495.36) (400 695.36)
      M2       16.78    (300 495.36) (500 695.36)
      M2       16.10    (400 495.36) (600 695.36)
      M2       13.32    (498.99 495.36) (698.99 695.36)

      M3       18.71    (0 0) (200 200)
      M3       16.05    (300 0) (500 200)
      M3       13.42    (400 0) (600 200)
      M3        9.99    (498.99 0) (698.99 200)
      M3       18.42    (300 100) (500 300)
      M3       16.39    (498.99 100) (698.99 300)
      M3       18.80    (498.99 200) (698.99 400)
      M3       19.00    (498.99 300) (698.99 500)
      M3       17.42    (498.99 400) (698.99 600)
      M3       14.96    (0 495.36) (200 695.36)
      M3       19.75    (400 495.36) (600 695.36)
      M3       12.85    (498.99 495.36) (698.99 695.36)

      M4        5.93    (0 0) (200 200)
      M4        4.00    (100 0) (300 200)
      M4        5.29    (200 0) (400 200)
      M4       10.90    (300 0) (500 200)
      M4       11.63    (400 0) (600 200)
      M4        4.76    (498.99 0) (698.99 200)
      M4       12.17    (0 100) (200 300)
      M4        9.32    (100 100) (300 300)
      M4        7.73    (200 100) (400 300)
      M4        8.37    (300 100) (500 300)
      M4       11.99    (400 100) (600 300)
      M4        9.51    (498.99 100) (698.99 300)
      M4       18.81    (0 200) (200 400)
      M4       15.34    (100 200) (300 400)
      M4       11.30    (200 200) (400 400)
      M4       12.22    (300 200) (500 400)
      M4       18.15    (400 200) (600 400)
      M4       15.46    (498.99 200) (698.99 400)
      M4       17.57    (100 300) (300 500)
      M4       12.25    (200 300) (400 500)
      M4       15.19    (300 300) (500 500)
      M4       15.00    (498.99 300) (698.99 500)
      M4       14.93    (0 400) (200 600)
      M4       12.11    (100 400) (300 600)
      M4        8.78    (200 400) (400 600)
      M4       10.99    (300 400) (500 600)
      M4       13.34    (400 400) (600 600)
      M4        8.39    (498.99 400) (698.99 600)
      M4        5.62    (0 495.36) (200 695.36)
      M4        4.56    (100 495.36) (300 695.36)
      M4        3.75    (200 495.36) (400 695.36)
      M4        4.57    (300 495.36) (500 695.36)
      M4        4.81    (400 495.36) (600 695.36)
      M4        2.85    (498.99 495.36) (698.99 695.36)


A total of 58 density violation(s).
Windows < Min. Density = 58
Windows > Max. Density = 0
