Checking out license 'RTL_Compiler_Ultra'... (0 seconds elapsed)
Reading GUI preferences file '/home/buet/.cadence/rc.gui'.
Finished loading tool scripts (4 seconds elapsed)

                       Cadence Encounter(R) RTL Compiler
               Version v12.10-s012_1 (32-bit), built Jan 26 2013


Copyright notice: Copyright 1997-2012 Cadence Design Systems, Inc. All rights 
reserved worldwide. 

WARNING: This version of RC is 4840 days old.
         Visit downloads.cadence.com for the latest release of RC.


================================================================================
                  Welcome to Cadence Encounter(R) RTL Compiler

Notice: Upcoming end of support for Linux 32-bit.
Support for Linux 32-bit will be discontinued starting with the RC 13.1 release.
To ensure continued access to the forthcoming releases, RC 13.1 and up, you are
advised to start the transitioning to Linux 64-bit.

Here is a quick introduction on how to access our product information.  
If you do not want this message to appear in the future, create an 
initialization file (an empty file will do) in your home directory 
called '~/.cadence/.synth_init'.

  To access the product documentation in HTML and PDF, type 'cdnshelp'
    at the system prompt. 
  For a list of available commands, type 'help'. 
  To view a man page for a command, type 'man <commandName>'.
  To view a man page for an error message, type 'man <messageID>'.
  For a list of all possible object types, type 'get_attribute -help'.
  For a list of all available attributes by object type, type
    'get_attribute * <object_type> -help'.
  For a list of all attributes for every object type, type
    'get_attribute * * -help'
  To list only writable attributes, substitute 'get_attribute' with
    'set_attribute'.
  To get a template script to run RTL Compiler, use the 'write_template'
    command.
  To get a template script to run Conformal based on the current RTL
    Compiler session, use the 'write_do_lec' command.
  
  Obsolete attributes in the current tool version.
  To learn more, type 'get_attribute -help <attribute> <object>'.

            object  attribute
            ------  ---------
       cpf_command  synthesize_complex_expressions
    cpf_command_id  current_set_instance_macro
    cpf_command_id  current_set_instance_module
    cpf_command_id  done_in_apply_cpf
    cpf_command_id  done_in_write_cpf
    cpf_command_id  macro_definition_command
    cpf_command_id  rc_command
            design  dp_perform_rewriting_operations
            design  lp_map_to_srpg_cells
            design  lp_optimize_dynamic_power_first
            design  lp_srpg_pg_driver
            design  ovf_current_verification_directory
          instance  black_box
          instance  dft_inherited_dont_scan
          instance  lp_map_to_srpg_cells
          instance  lp_map_to_srpg_type
          instance  lp_srpg_pg_driver
           libcell  black_box
           libcell  location
               net  logic0_driven
               net  logic1_driven
              root  auto_ungroup_min_effort
              root  degenerate_complex_seqs
              root  disable_power_mode
              root  dp_area_mode
              root  dp_perform_csa_operations
              root  dp_perform_rewriting_operations
              root  dp_perform_sharing_operations
              root  dp_perform_speculation_operations
              root  enable_parallel_iopt
              root  exact_match_seqs_async_controls
              root  hdl_flatten_array
              root  hdl_old_reg_naming
              root  hdl_reg_naming_style_scalar
              root  hdl_reg_naming_style_vector
              root  hdl_trim_target_index
              root  ignore_unknown_embedded_commands
              root  lbr_async_clr_pre_seqs_interchangable
              root  ovf_mode
              root  ovf_verification_directory
              root  ple_parameter_source_priority
              root  pqos_virtual_buffer
              root  retime_preserve_state_points
              root  wlec_env_var
              root  wlec_flat_r2n
              root  wlec_no_exit
              root  wlec_old_lp_ec_flow
              root  wlec_save_ssion
              root  wlec_sim_lib
              root  wlec_sim_plus_lib
              root  wlec_skip_iso_check_hier_compare
              root  wlec_skip_lvl_check_hier_compare
              root  wlec_verbose
         subdesign  allow_csa_subdesign
         subdesign  allow_sharing_subdesign
         subdesign  allow_speculation_subdesign
         subdesign  auto_ungroup_ok
         subdesign  dp_perform_rewriting_operations

Send us feedback at rc_feedback@cadence.com.
================================================================================

GUI is already visible.
rc:/> source synthesis.tcl
Sourcing './synthesis.tcl' (Tue Apr 28 21:49:10 +0600 2026)...
  Setting attribute of root '/': 'lib_search_path' = /mnt/hgfs/VMshare/scl180/stdcell/fs120/4M1IL/liberty/lib_flow_ss/
Info    : Created nominal operating condition. [LBR-412]
        : Operating condition '_nominal_' was created for the PVT values (1.000000, 1.620000, 125.000000) in library 'tsl18fs120_scl_ss.lib'.
        : The nominal operating condition represents either the nominal PVT values if specified in the library source, or the default PVT values (1.0, 1.0, 1.0).

  Message Summary for Library tsl18fs120_scl_ss.lib:
  **************************************************
  An unsupported construct was detected in this library. [LBR-40]: 5
  Found 'statetable' group in cell. [LBR-83]: 43
  Replacing timing arc(s). [LBR-27]: 10
  Created nominal operating condition. [LBR-412]: 1
 
Warning : Library cell only has usable test_cell function. [LBR-66]
        : Cell 'slbhb2' can be used as a regular flop/latch by tying off its test pins, or as a scan flop/latch in 'muxed_scan' style.
        : This library has a valid test_cell function, but its regular cell function is either missing or not completely understood (e.g. if the cell has a state_table construct).
Warning : Library cell only has usable test_cell function. [LBR-66]
        : Cell 'slchq4' can be used as a regular flop/latch by tying off its test pins, or as a scan flop/latch in 'muxed_scan' style.
Warning : Library cell only has usable test_cell function. [LBR-66]
        : Cell 'slnlb2' can be used as a regular flop/latch by tying off its test pins, or as a scan flop/latch in 'muxed_scan' style.
Warning : Library cell only has usable test_cell function. [LBR-66]
        : Cell 'slnlq2' can be used as a regular flop/latch by tying off its test pins, or as a scan flop/latch in 'muxed_scan' style.
Warning : Library cell only has usable test_cell function. [LBR-66]
        : Cell 'slnhq2' can be used as a regular flop/latch by tying off its test pins, or as a scan flop/latch in 'muxed_scan' style.
Warning : Library cell only has usable test_cell function. [LBR-66]
        : Cell 'slbhb1' can be used as a regular flop/latch by tying off its test pins, or as a scan flop/latch in 'muxed_scan' style.
Warning : Library cell only has usable test_cell function. [LBR-66]
        : Cell 'slnhq1' can be used as a regular flop/latch by tying off its test pins, or as a scan flop/latch in 'muxed_scan' style.
Warning : Library cell only has usable test_cell function. [LBR-66]
        : Cell 'slnhb4' can be used as a regular flop/latch by tying off its test pins, or as a scan flop/latch in 'muxed_scan' style.
Warning : Library cell only has usable test_cell function. [LBR-66]
        : Cell 'slnlq4' can be used as a regular flop/latch by tying off its test pins, or as a scan flop/latch in 'muxed_scan' style.
Warning : Library cell only has usable test_cell function. [LBR-66]
        : Cell 'slclq2' can be used as a regular flop/latch by tying off its test pins, or as a scan flop/latch in 'muxed_scan' style.
Warning : Library cell only has usable test_cell function. [LBR-66]
        : Cell 'slbhb4' can be used as a regular flop/latch by tying off its test pins, or as a scan flop/latch in 'muxed_scan' style.
Warning : Library cell only has usable test_cell function. [LBR-66]
        : Cell 'slnhq4' can be used as a regular flop/latch by tying off its test pins, or as a scan flop/latch in 'muxed_scan' style.
Warning : Library cell only has usable test_cell function. [LBR-66]
        : Cell 'slnhb2' can be used as a regular flop/latch by tying off its test pins, or as a scan flop/latch in 'muxed_scan' style.
Warning : Library cell only has usable test_cell function. [LBR-66]
        : Cell 'slclq1' can be used as a regular flop/latch by tying off its test pins, or as a scan flop/latch in 'muxed_scan' style.
Warning : Library cell only has usable test_cell function. [LBR-66]
        : Cell 'slnlb1' can be used as a regular flop/latch by tying off its test pins, or as a scan flop/latch in 'muxed_scan' style.
Warning : Library cell only has usable test_cell function. [LBR-66]
        : Cell 'slnlq1' can be used as a regular flop/latch by tying off its test pins, or as a scan flop/latch in 'muxed_scan' style.
Warning : Library cell only has usable test_cell function. [LBR-66]
        : Cell 'slnln4' can be used as a regular flop/latch by tying off its test pins, or as a scan flop/latch in 'muxed_scan' style.
Warning : Library cell only has usable test_cell function. [LBR-66]
        : Cell 'slnht4' can be used as a regular flop/latch by tying off its test pins, or as a scan flop/latch in 'muxed_scan' style.
Warning : Library cell only has usable test_cell function. [LBR-66]
        : Cell 'slchq1' can be used as a regular flop/latch by tying off its test pins, or as a scan flop/latch in 'muxed_scan' style.
Warning : Library cell only has usable test_cell function. [LBR-66]
        : Cell 'slchq2' can be used as a regular flop/latch by tying off its test pins, or as a scan flop/latch in 'muxed_scan' style.
Info    : Found library cells that are unusable for mapping. [LBR-415]
        : Library: 'tsl18fs120_scl_ss.lib', Total cells: 534, Usable cells: 502, Cells unusable for mapping: 32.
	List of unusable cells: 'gclrsn1 srlab4 gclrsn2 gclfsna gclfsn4 lanht4 gcnfnn2 adiode srlab2 gcnrnn1 ... and others.'
        : The number of unusable cells that is listed depends on the setting of the 'information_level' root attribute. If set to a value less than 6, the list is limited to 10 unusable cells. If set to a value equal to or higher than 6, all unusable cells are listed.
  Setting attribute of root '/': 'library' = tsl18fs120_scl_ss.lib
    initial begin
          |
Warning : Ignoring unsynthesizable construct. [VLOGPT-37]
        : Initial in file '../rtl/eigen_tb.v' on line 57, column 11.
        : The following constructs will be ignored:
    - initial block
    - final block
    - program block
    - property block
    - sequence block
    - covergroup
    - gate drive strength
    - system task enable
    - reg declaration with initial value
    - specify block.
        forever #5 clk = ~clk; 
                 |
Warning : Ignoring delay specifier. [VLOGPT-35]
        : in file '../rtl/eigen_tb.v' on line 59, column 18.
        : A delay specifier, either in an assignment or as a separate statement, is not synthesizable.  This warning is issued only once per module.
    initial begin
          |
Warning : Ignoring unsynthesizable construct. [VLOGPT-37]
        : Initial in file '../rtl/eigen_tb.v' on line 64, column 11.
            @(posedge clk);
            |
Error   : Unsynthesizable construct. [VLOGPT-34] [read_hdl]
        : Event control statement in file '../rtl/eigen_tb.v' on line 94, column 13.
        : The following statements are not supported for synthesis:
    - deassign
    - procedural assign
    - force
    - release
    - wait
    - ->
    - fork.
        @(posedge clk);
        |
Error   : Unsynthesizable construct. [VLOGPT-34] [read_hdl]
        : Event control statement in file '../rtl/eigen_tb.v' on line 108, column 9.
        wait(done == 1'b1);
           |
Error   : Unsynthesizable construct. [VLOGPT-34] [read_hdl]
        : Wait statement in file '../rtl/eigen_tb.v' on line 118, column 12.
        wait(done == 1'b1);
                          |
Warning : Ignoring Null Statement. [VLOGPT-13]
        : Null statement ';' is not allowed inside a begin-end block in file '../rtl/eigen_tb.v' on line 118, column 27.
        @(posedge clk);
        |
Error   : Unsynthesizable construct. [VLOGPT-34] [read_hdl]
        : Event control statement in file '../rtl/eigen_tb.v' on line 120, column 9.
        $finish;
               |
Warning : Ignoring unsynthesizable construct. [VLOGPT-37]
        : Call to system task '$finish' in file '../rtl/eigen_tb.v' on line 128, column 16.
    initial begin
          |
Warning : Ignoring unsynthesizable construct. [VLOGPT-37]
        : Initial in file '../rtl/eigen_tb.v' on line 132, column 11.
        $dumpfile("eigen_tb.vcd");
                 |
Warning : Ignoring unsynthesizable construct. [VLOGPT-37]
        : Call to system task '$dumpfile' in file '../rtl/eigen_tb.v' on line 133, column 18.
        $dumpvars(0, tb_eigen_top);
                 |
Warning : Ignoring unsynthesizable construct. [VLOGPT-37]
        : Call to system task '$dumpvars' in file '../rtl/eigen_tb.v' on line 134, column 18.
        $dumpvars(0, tb_eigen_top);
                     |
Error   : Reference to undeclared variable. [VLOGPT-20] [read_hdl]
        : Symbol 'tb_eigen_top' in file '../rtl/eigen_tb.v' on line 134, column 22.
        : A variable must be declared before it can be referenced.
GUI is already visible.
1
rc:/> source synthesis.tcl
Sourcing './synthesis.tcl' (Tue Apr 28 21:49:34 +0600 2026)...
  Setting attribute of root '/': 'lib_search_path' = /mnt/hgfs/VMshare/scl180/stdcell/fs120/4M1IL/liberty/lib_flow_ss/
Freeing libraries in memory (tsl18fs120_scl_ss.lib)

Info    : Created nominal operating condition. [LBR-412]
        : Operating condition '_nominal_' was created for the PVT values (1.000000, 1.620000, 125.000000) in library 'tsl18fs120_scl_ss.lib'.

  Message Summary for Library tsl18fs120_scl_ss.lib:
  **************************************************
  An unsupported construct was detected in this library. [LBR-40]: 5
  Found 'statetable' group in cell. [LBR-83]: 43
  Replacing timing arc(s). [LBR-27]: 10
  Created nominal operating condition. [LBR-412]: 1
 
Warning : Library cell only has usable test_cell function. [LBR-66]
        : Cell 'slbhb2' can be used as a regular flop/latch by tying off its test pins, or as a scan flop/latch in 'muxed_scan' style.
Warning : Library cell only has usable test_cell function. [LBR-66]
        : Cell 'slchq4' can be used as a regular flop/latch by tying off its test pins, or as a scan flop/latch in 'muxed_scan' style.
Warning : Library cell only has usable test_cell function. [LBR-66]
        : Cell 'slnlb2' can be used as a regular flop/latch by tying off its test pins, or as a scan flop/latch in 'muxed_scan' style.
Warning : Library cell only has usable test_cell function. [LBR-66]
        : Cell 'slnlq2' can be used as a regular flop/latch by tying off its test pins, or as a scan flop/latch in 'muxed_scan' style.
Warning : Library cell only has usable test_cell function. [LBR-66]
        : Cell 'slnhq2' can be used as a regular flop/latch by tying off its test pins, or as a scan flop/latch in 'muxed_scan' style.
Warning : Library cell only has usable test_cell function. [LBR-66]
        : Cell 'slbhb1' can be used as a regular flop/latch by tying off its test pins, or as a scan flop/latch in 'muxed_scan' style.
Warning : Library cell only has usable test_cell function. [LBR-66]
        : Cell 'slnhq1' can be used as a regular flop/latch by tying off its test pins, or as a scan flop/latch in 'muxed_scan' style.
Warning : Library cell only has usable test_cell function. [LBR-66]
        : Cell 'slnhb4' can be used as a regular flop/latch by tying off its test pins, or as a scan flop/latch in 'muxed_scan' style.
Warning : Library cell only has usable test_cell function. [LBR-66]
        : Cell 'slnlq4' can be used as a regular flop/latch by tying off its test pins, or as a scan flop/latch in 'muxed_scan' style.
Warning : Library cell only has usable test_cell function. [LBR-66]
        : Cell 'slclq2' can be used as a regular flop/latch by tying off its test pins, or as a scan flop/latch in 'muxed_scan' style.
Warning : Library cell only has usable test_cell function. [LBR-66]
        : Cell 'slbhb4' can be used as a regular flop/latch by tying off its test pins, or as a scan flop/latch in 'muxed_scan' style.
Warning : Library cell only has usable test_cell function. [LBR-66]
        : Cell 'slnhq4' can be used as a regular flop/latch by tying off its test pins, or as a scan flop/latch in 'muxed_scan' style.
Warning : Library cell only has usable test_cell function. [LBR-66]
        : Cell 'slnhb2' can be used as a regular flop/latch by tying off its test pins, or as a scan flop/latch in 'muxed_scan' style.
Warning : Library cell only has usable test_cell function. [LBR-66]
        : Cell 'slclq1' can be used as a regular flop/latch by tying off its test pins, or as a scan flop/latch in 'muxed_scan' style.
Warning : Library cell only has usable test_cell function. [LBR-66]
        : Cell 'slnlb1' can be used as a regular flop/latch by tying off its test pins, or as a scan flop/latch in 'muxed_scan' style.
Warning : Library cell only has usable test_cell function. [LBR-66]
        : Cell 'slnlq1' can be used as a regular flop/latch by tying off its test pins, or as a scan flop/latch in 'muxed_scan' style.
Warning : Library cell only has usable test_cell function. [LBR-66]
        : Cell 'slnln4' can be used as a regular flop/latch by tying off its test pins, or as a scan flop/latch in 'muxed_scan' style.
Warning : Library cell only has usable test_cell function. [LBR-66]
        : Cell 'slnht4' can be used as a regular flop/latch by tying off its test pins, or as a scan flop/latch in 'muxed_scan' style.
Warning : Library cell only has usable test_cell function. [LBR-66]
        : Cell 'slchq1' can be used as a regular flop/latch by tying off its test pins, or as a scan flop/latch in 'muxed_scan' style.
Warning : Library cell only has usable test_cell function. [LBR-66]
        : Cell 'slchq2' can be used as a regular flop/latch by tying off its test pins, or as a scan flop/latch in 'muxed_scan' style.
Info    : Found library cells that are unusable for mapping. [LBR-415]
        : Library: 'tsl18fs120_scl_ss.lib', Total cells: 534, Usable cells: 502, Cells unusable for mapping: 32.
	List of unusable cells: 'gclrsn1 srlab4 gclrsn2 gclfsna gclfsn4 lanht4 gcnfnn2 adiode srlab2 gcnrnn1 ... and others.'
  Setting attribute of root '/': 'library' = tsl18fs120_scl_ss.lib
module euclidean_distance #(
                        |
Warning : Replacing previously read Verilog description. [VLOGPT-6]
        : Replacing Verilog description 'euclidean_distance' with Verilog module in file '../rtl/euclidean_distance.v' on line 2, column 25.
        : A Verilog description is replaced when a new description of the same name and same library is read again.
    Verilog descriptions are:
       module
       macromodule
    SystemVerilog adds the following descriptions:
       interface
       program
       package.
Warning : Replacing previously read Verilog module or VHDL entity. [HPT-76]
        : Replacing Verilog module 'euclidean_distance' in library 'default' with newly read Verilog module 'euclidean_distance' in the same library in file '../rtl/euclidean_distance.v' on line 2.
        : A newly read VHDL entity replaces any previously read Verilog module or VHDL entity in the same library if its name matches (case-insensitively) the existing module or entity.
    For instance:
        VHDL 'foo'                  replaces  VHDL {'FOO' or 'foo' or 'Foo' or ...} in the same library
        VHDL 'foo' (in any library) replaces  Verilog {'FOO' or 'foo' or 'Foo' or ...} in the same library
 
A newly read Verilog module replaces any previously read Verilog module if its name matches (case-sensitively) that module.  Further, it replaces any previously read VHDL entity in the same library if its name matches (case -insensitively) that entity.
    For instance:
        Verilog 'foo' replaces    VHDL {'FOO' or 'foo' or 'Foo' or ...} in the same library
        Verilog 'foo' replaces    Verilog 'foo' only
    In addition:
        Verilog 'foo' does not replace Verilog 'FOO' and the two remain as distinct modules.
Info    : Found library cells that are unusable for mapping. [LBR-415]
        : Library: 'tsl18fs120_scl_ss.lib', Total cells: 534, Usable cells: 502, Cells unusable for mapping: 32.
	List of unusable cells: 'gclrsn1 srlab4 gclrsn2 gclfsna gclfsn4 lanht4 gcnfnn2 adiode srlab2 gcnrnn1 ... and others.'
Warning : Libcell will be treated as a timing model. [LBR-158]
        : The pin 'I' of library cell 'bh01d1' has no incoming arcs.
        : Ensure that the relevant timing arcs are defined in the Liberty model of the libcell.
Info    : Elaborating Design. [ELAB-1]
        : Elaborating top-level block 'eigen_top' from file '../rtl/eigen_top.v'.
Warning : Using default parameter value for module elaboration. [CDFG-818]
        : Elaborating block 'eigen_top' with default parameters value.
Warning : Using default parameter value for module elaboration. [CDFG-818]
        : Elaborating block 'eigen_subtract' with default parameters value.
Warning : Using default parameter value for module elaboration. [CDFG-818]
        : Elaborating block 'eigen_mac' with default parameters value.
Warning : Using default parameter value for module elaboration. [CDFG-818]
        : Elaborating block 'euclidean_distance' with default parameters value.
Info    : Done Elaborating Design. [ELAB-3]
        : Done elaborating 'eigen_top'.
No SDC found. Applying default generic clock...
Info    : Deleting instances not driving any primary outputs. [GLO-32]
        : Deleting 18 hierarchical instances.
        : Optimizations such as constant propagation or redundancy removal could change the connections so an instance does not drive any primary outputs anymore. To see the list of deleted instances, set the 'information_level' attribute to 2 or above.
        Trying carrysave optimization (configuration 1 of 1) on module 'eigen_mac_PARALLEL_MACS16_ACC_WIDTH38_EIGEN_FACES1'...
Info    : Done carrysave optimization. [RTLOPT-20]
        : There are 4 CSA groups in module 'eigen_mac_PARALLEL_MACS16_ACC_WIDTH38_EIGEN_FACES1'... Accepted.
        Trying carrysave optimization (configuration 1 of 1) on module 'euclidean_distance_EIGEN_FACES1_ACC_WIDTH38_EUC_DISTANCE_WIDTH37_USER_FACES2'...
Info    : Done carrysave optimization. [RTLOPT-20]
        : There are 2 CSA groups in module 'euclidean_distance_EIGEN_FACES1_ACC_WIDTH38_EUC_DISTANCE_WIDTH37_USER_FACES2'... Accepted.
Info    : Deleting instances not driving any primary outputs. [GLO-32]
        : Deleting 4 sequential instances.
Mapping eigen_top to gates.
Info    : Deleting instances not driving any primary outputs. [GLO-32]
        : Deleting 1 sequential instance.
Info    : Replacing the synchronous part of an always feeding back flip-flop with a logic constant. [GLO-45]
        : The instance is 'eucd_inst/face_ctr_reg[10]'. The constant is '0'.
        : The value used to replace the flop can be set by the root attribute 'optimize_seq_x_to'. The assigned constant might also conflict with the simulation and/or verification setup.
Info    : Replacing a flip-flop with a logic constant 0. [GLO-12]
        : The instance is 'eucd_inst/face_ctr_reg[10]'.
        : This optimization was enabled by the root attribute 'optimize_constant_0_flops'.
Info    : Replacing a flip-flop with a logic constant 0. [GLO-12]
        : The instance is 'eucd_inst/best_match_id_reg[10]'.
Info    : Deleting instances not driving any primary outputs. [GLO-32]
        : Deleting 48 sequential instances.
 
Global mapping target info
==========================
Cost Group 'default' target slack:   296 ps
Target path end-point (Pin: mac_inst/acc_reg_reg[0][37]/d)

 
Global mapping status
=====================
                                    Worst 
                           Total  Weighted
Operation                   Area  Neg Slk Worst Path
-------------------------------------------------------------------------------
 global_map               655572        0  N/A
 
Global incremental target info
==============================
Cost Group 'default' target slack:   197 ps
Target path end-point (Pin: mac_inst/acc_reg_reg[0][37]/D (dfcrq4/D))

 
Global incremental optimization status
======================================
                                    Worst 
                           Total  Weighted
Operation                   Area  Neg Slk Worst Path
-------------------------------------------------------------------------------
 global_incr              501944        0  N/A
Info    : 'Conformal LEC12.1-p100' or later builds is recommended for verification. [WDO-600]
        : The use of 'Conformal LEC12.1-p100' or later builds is recommended to get better verification results.
Generating a dofile for design 'eigen_top' in file 'fv/eigen_top/rtl_to_g1.do' ...
Info    : 'Conformal LEC12.1-p100' or later builds is recommended for verification. [WDO-600]
Generating a dofile for design 'eigen_top' in file 'fv/eigen_top/rtl_to_g1_withoutovf.do' ...
 
Incremental optimization status
===============================
                                    Worst - - - - DRC Totals - - - -
                           Total  Weighted    Max       Max     Max  
Operation                   Area  Neg Slk    Trans      Cap   Fanout 
-------------------------------------------------------------------------------
 init_iopt                501944        0         0        0        0
 
Incremental optimization status (pre-loop)
==========================================
                                    Worst - - - - DRC Totals - - - -
                           Total  Weighted    Max       Max     Max  
Operation                   Area  Neg Slk    Trans      Cap   Fanout 
-------------------------------------------------------------------------------
 simp_cc_inputs           481293        0         0        0        0
 
Incremental optimization status
===============================
                                    Worst - - - - DRC Totals - - - -
                           Total  Weighted    Max       Max     Max  
Operation                   Area  Neg Slk    Trans      Cap   Fanout 
-------------------------------------------------------------------------------
 init_delay               481293        0         0        0        0
 init_drc                 481293        0         0        0        0
 init_area                481293        0         0        0        0
 undup                    481051        0         0        0        0
 rem_buf                  480778        0         0        0        0
 rem_inv                  480114        0         0        0        0
 merge_bi                 480026        0         0        0        0
 rem_inv_qb               480010        0         0        0        0
 io_phase                 477740        0         0        0        0
 gate_comp                442643        0         0        0        0
 gcomp_mog                441571        0         0        0        0
 glob_area                436632        0         0        0        0
 area_down                434709        0         0        0        0
 rem_buf                  434697        0         0        0        0
 rem_inv                  434624        0         0        0        0
 
Incremental optimization status
===============================
                                    Worst - - - - DRC Totals - - - -
                           Total  Weighted    Max       Max     Max  
Operation                   Area  Neg Slk    Trans      Cap   Fanout 
-------------------------------------------------------------------------------
 init_delay               434624        0         0        0        0
 init_drc                 434624        0         0        0        0
 init_area                434624        0         0        0        0
 undup                    434612        0         0        0        0
 io_phase                 434361        0         0        0        0
 gate_comp                428055        0         0        0        0
 gcomp_mog                427776        0         0        0        0
 glob_area                427456        0         0        0        0
 area_down                427381        0         0        0        0

  Done mapping eigen_top
  Synthesis succeeded.
Finished SDC export (command execution time mm:ss (real) = 00:01).
Warning : Possible timing problems have been detected in this design. [TIM-11]
        : The design is 'eigen_top'.
        : Use 'report timing -lint' for more information.
--- SYNTHESIS COMPLETE. CHECK ../outputs FOLDER ---
GUI is already visible.
rc:/> 